[backblue.gif]
[fade.gif]
[index.html]
[ajax.googleapis.com/ajax/libs/jquery/2.0.0/jquery.js]
[ndpsoftware.com/git-cheatsheet/csster5e1f.js]
[ndpsoftware.com/git-cheatsheet/styles5e1f.js]
[ndpsoftware.com/git-cheatsheet/cookies.js]
[ndpsoftware.com/git-cheatsheet/commands.js]
[ndpsoftware.com/git-cheatsheet/base5e1f.js]
[ndpsoftware.com/git-cheatsheet/git-cheatsheet5e1f.js]
[justinhileman.info/article/git-pretty/git-pretty.png]
[apis.google.com/js/plusone.js]
[ndpsoftware.com/git-cheatsheet.html]
[ndpsoftware.com/git-cheatsheet/fonts/Impact-Label-fontfacekit/Impact_label-webfont.eot]
[ndpsoftware.com/git-cheatsheet/fonts/Impact-Label-fontfacekit/Impact_label-webfont.woff]
[ndpsoftware.com/git-cheatsheet/fonts/Impact-Label-fontfacekit/Impact_label-webfont.ttf]
[ndpsoftware.com/git-cheatsheet/fonts/Impact-Label-fontfacekit/Impact_label_reversed-webfont.eot]
[ndpsoftware.com/git-cheatsheet/fonts/Impact-Label-fontfacekit/Impact_label_reversed-webfont.woff]
[ndpsoftware.com/git-cheatsheet/fonts/Impact-Label-fontfacekit/Impact_label_reversed-webfont.ttf]
[ndpsoftware.com/git-cheatsheet/fonts/Impact-Label-fontfacekit/stylesheet.css]
[ndpsoftware.com/favicon.ico]
[ajax.googleapis.com/ajax/libs/jquery/1.8.3/jquery.min.js]
[ndpsoftware.com/js/csster.js]
[ndpsoftware.com/js/color_factory.js]
[ndpsoftware.com/js/jquery.boxes.js]
[platform.linkedin.com/in.js]
[ndpsoftware.com/index.html]
[ndpsoftware.com/git-cheatsheet/1200.css]
[ndpsoftware.com/git-cheatsheet/fonts/Impact-Label-fontfacekit/Impact_label-webfont.svg]
[ndpsoftware.com/git-cheatsheet/fonts/Impact-Label-fontfacekit/Impact_label_reversed-webfont.svg]
[w.sharethis.com/button/buttons.js]
[ndpsoftware.com/fonts/Impact-Label-fontfacekit/Impact_label-webfont.eot]
[ndpsoftware.com/fonts/Impact-Label-fontfacekit/Impact_label-webfont.woff]
[ndpsoftware.com/fonts/Impact-Label-fontfacekit/Impact_label-webfont.ttf]
[ndpsoftware.com/fonts/Impact-Label-fontfacekit/Impact_label_reversed-webfont.eot]
[ndpsoftware.com/fonts/Impact-Label-fontfacekit/Impact_label_reversed-webfont.woff]
[ndpsoftware.com/fonts/Impact-Label-fontfacekit/Impact_label_reversed-webfont.ttf]
[ndpsoftware.com/fonts/Impact-Label-fontfacekit/stylesheet.css]
[ndpsoftware.com/css/ndp-print.css]
[ndpsoftware.com/images/wood12.jpg]
[ndpsoftware.com/images/soundeditpro.gif]
[ndpsoftware.com/css/ndp.css]
[ndpsoftware.com/index-2.html]
[ndpsoftware.com/visualization.html]
[ndpsoftware.com/prototype.html]
[ndpsoftware.com/consulting.html]
[ndpsoftware.com/clients.html]
[platform.twitter.com/widgets.js]
[i.creativecommons.org/l/by-nc-sa/3.0/88x31.png]
[ndpsoftware.com/HibernateMappingCheatSheet.html]
[ndpsoftware.com/JSPXMLCheatSheet.html]
[ndpsoftware.com/struts-config-verify.xsl]
[ndpsoftware.com/downloads-xsl-struts.html]
[ndpsoftware.com/resume/resume.xsl]
[ndpsoftware.com/resume/andrewpeterson.xml]
[ndpsoftware.com/downloads-xsl-resume.html]
[ndpsoftware.com/CssBestPractices.html]
[ndpsoftware.com/cssExperiments.html]
[tantek.com/log/2004/undohtml.css]
[ndpsoftware.com/css.html]
[ndpsoftware.com/js/prototype.js]
[ndpsoftware.com/js/scriptaculous/scriptaculous.js]
[ndpsoftware.com/js/scriptaculous/effects.js]
[creativecommons.org/images/public/somerights20.png]
[ndpsoftware.com/ScriptaculousEffectsDemo.html]
[ndpsoftware.com/js/jquery.show_char_limit-1.1.1.js]
[ndpsoftware.com/js/jquery.show_char_limit-1.2.0.js]
[ndpsoftware.com/js/jquery.show_char_limit-1.1.2.js]
[ndpsoftware.com/js/jquery.show_char_limit-1.1.js]
[ndpsoftware.com/js/jquery.show_char_limit-1.0.js]
[ndpsoftware.com/show_char_limit.html]
[ndpsoftware.com/isbn.html]
[yui.yahooapis.com/3.3.0/build/cssreset/reset-min.css]
[ndpsoftware.com/agile_methods/force.js]
[ndpsoftware.com/agile_methods/agile_methods.js]
[ndpsoftware.com/agile_methods/jquery-1.3.2.min.js]
[ndpsoftware.com/agile_methods/jquery-ui-1.8.5.custom.min.js]
[ndpsoftware.com/agile_methods/csster.js]
[ndpsoftware.com/agile_methods/once.js]
[ndpsoftware.com/agile_methods/pullout_panel.js]
[i.creativecommons.org/l/by-sa/3.0/us/88x31.png]
[ndpsoftware.com/agile_methods/agile_methods.html]
[ndpsoftware.com/softwareDevMaturityModel.html]
[ndpsoftware.com/OpenUpBasic/index.html]
[ndpsoftware.com/other.html]
[ndpsoftware.com/images/ndwmarlene.jpg]
[ndpsoftware.com/about.html]
[ndpsoftware.com/images/IMG_3112.jpg]
[ndpsoftware.com/construction/On-demand_water_usage.xls]
[ndpsoftware.com/construction/Electrical_Load_Analysis.xls]
[ndpsoftware.com/images/IMG_3102.jpg]
[ndpsoftware.com/images/IMG_3192.jpg]
[ndpsoftware.com/construction.html]
[assets.pinterest.com/js/pinmarklet2a3b.js]
[platform.foursquare.com/js/widgets.js]
[passets-cdn.pinterest.com/images/follow-on-pinterest-button.png]
[platform-s.foursquare.com/js/widgets.js]
[s.ytimg.com/yt/img/creators_corner/Subscribe_to_my_videos/YT_Subscribe_130x36_red.png]
[w.sharethis.com/button/buttons.js]
[ndpsoftware.com/fonts/Impact-Label-fontfacekit/Impact_label-webfont.svg]
[ndpsoftware.com/fonts/Impact-Label-fontfacekit/Impact_label_reversed-webfont.svg]
[ndpsoftware.com/css/undohtml.css]
[w.sharethis.com/button/clipboard.js]
[ndpsoftware.com/js/jquery-1.4.3.js]
[ndpsoftware.com/linkedin/jsonpath.js]
[ndpsoftware.com/linkedin/csster.js]
[ndpsoftware.com/linkedin/color_helpers.js]
[ndpsoftware.com/linkedin/color_factory.js]
[ndpsoftware.com/linkedin/index.js]
[ndpsoftware.com/linkedin/index.html]
[ndpsoftware.com/css/cheatSheet.css]
[ndpsoftware.com/resumes.html]
[ndpsoftware.com/fontSizingStrategy.html]
[ndpsoftware.com/js/minmax.js]
[ndpsoftware.com/experiment/css/stretch.html]
[ndpsoftware.com/experiment/css/fontSize.html]
[ndpsoftware.com/experiment/css/highlightingTable.html]
[ndpsoftware.com/experiment/css/vLayout01.html]
[ndpsoftware.com/experiment/css/tLayout01.html]
[ndpsoftware.com/experiment/css/hLayout01.html]
[tantek.com/log/2004/undohtml.css]
[ndpsoftware.com/css/undohtmlx.html]
[www.blm.gov/heritage/HE_Kids/images/10000_20picture.html]
[crazyegg.com/pages/scripts/0003/7863.html]
[yui.yahooapis.com/3.3.0/build/cssreset/reset-min.css]
[ndpsoftware.com/agile_methods/fonts/Impact-Label-fontfacekit/Impact_label-webfont.eot]
[ndpsoftware.com/agile_methods/fonts/Impact-Label-fontfacekit/Impact_label-webfont.woff]
[ndpsoftware.com/agile_methods/fonts/Impact-Label-fontfacekit/Impact_label-webfont.ttf]
[ndpsoftware.com/agile_methods/fonts/Impact-Label-fontfacekit/Impact_label_reversed-webfont.eot]
[ndpsoftware.com/agile_methods/fonts/Impact-Label-fontfacekit/Impact_label_reversed-webfont.woff]
[ndpsoftware.com/agile_methods/fonts/Impact-Label-fontfacekit/Impact_label_reversed-webfont.ttf]
[ndpsoftware.com/agile_methods/fonts/Impact-Label-fontfacekit/stylesheet.css]
[ndpsoftware.com/agile_methods/agile_methods.css]
[ndpsoftware.com/OpenUpBasic/noapplet/bookmarkviews.js]
[ndpsoftware.com/OpenUpBasic/noapplet/images/ni_where.gif]
[ndpsoftware.com/OpenUpBasic/noapplet/images/action_unhide.gif]
[ndpsoftware.com/OpenUpBasic/noapplet/PublishedBookmarks.html]
[ndpsoftware.com/OpenUpBasic/applet/browser.html]
[ndpsoftware.com/peets.html]
[ndpsoftware.com/AcroPDF.html]
[ndpsoftware.com/buttons.html]
[w.sharethis.com/button/css/clipboard.css]
[w.sharethis.com/button/clipboard.js]
[w.sharethis.com/button/html2canvas.js]
[ndpsoftware.com/linkedin/Impact-Label-fontfacekit/Impact_label-webfont.eot]
[ndpsoftware.com/linkedin/Impact-Label-fontfacekit/Impact_label-webfont.woff]
[ndpsoftware.com/linkedin/Impact-Label-fontfacekit/Impact_label-webfont.ttf]
[ndpsoftware.com/linkedin/Impact-Label-fontfacekit/Impact_label_reversed-webfont.eot]
[ndpsoftware.com/linkedin/Impact-Label-fontfacekit/Impact_label_reversed-webfont.woff]
[ndpsoftware.com/linkedin/Impact-Label-fontfacekit/Impact_label_reversed-webfont.ttf]
[ndpsoftware.com/linkedin/Impact-Label-fontfacekit/stylesheet.css]
[static01.linkedin.com/scds/common/u/img/icon/icon_lightbulb_10x17.gif]
[static01.linkedin.com/scds/common/u/img/sprite/sprite_global_v6.png]
[static02.linkedin.com/scds/common/u/img/btn/btn_ghome_right_600x33.gif]
[static02.linkedin.com/scds/common/u/img/sprite/sprite_stars_24bit.png]
[static02.linkedin.com/scds/common/u/img/sprite/sprite_stars_8bit.png]
[static02.linkedin.com/scds/common/u/img/bg/bg_grey_dotted_h-line_3x1.png]
[ndpsoftware.com/linkedin/index.css]
[ndpsoftware.com/experiment/css/js/minmax.html]
[ndpsoftware.com/experiment/css/stretchbde8.html]
[ndpsoftware.com/experiment/css/stretch746d.html]
[ndpsoftware.com/experiment/css/stretch9012.html]
[ndpsoftware.com/experiment/css/stretch7bb7.html]
[ndpsoftware.com/experiment/css/stretch470c.html]
[ndpsoftware.com/experiment/css/stretchde1c.html]
[ndpsoftware.com/experiment/css/stretche36a.html]
[ndpsoftware.com/experiment/css/stretch1546.html]
[ndpsoftware.com/experiment/css/stretch86b5.html]
[ndpsoftware.com/experiment/css/stretchf930.html]
[ndpsoftware.com/agile_methods/fonts/Impact-Label-fontfacekit/Impact_label-webfont.svg]
[ndpsoftware.com/agile_methods/fonts/Impact-Label-fontfacekit/Impact_label_reversed-webfont.svg]
[ndpsoftware.com/OpenUpBasic/noapplet/toc.js]
[ndpsoftware.com/OpenUpBasic/noapplet/tree.js]
[ndpsoftware.com/OpenUpBasic/noapplet/images/noplus.gif]
[ndpsoftware.com/OpenUpBasic/noapplet/images/mic.gif]
[ndpsoftware.com/OpenUpBasic/noapplet/images/plus.gif]
[ndpsoftware.com/OpenUpBasic/noapplet/images/Roadmap.gif]
[ndpsoftware.com/OpenUpBasic/noapplet/images/about.gif]
[ndpsoftware.com/OpenUpBasic/noapplet/images/CRsym_obj.gif]
[ndpsoftware.com/OpenUpBasic/noapplet/images/concept_obj.gif]
[ndpsoftware.com/OpenUpBasic/noapplet/images/Concept.gif]
[ndpsoftware.com/OpenUpBasic/noapplet/images/RoleSet.gif]
[ndpsoftware.com/OpenUpBasic/noapplet/images/Role.gif]
[ndpsoftware.com/OpenUpBasic/noapplet/images/Task.gif]
[ndpsoftware.com/OpenUpBasic/noapplet/images/Artifact.gif]
[ndpsoftware.com/OpenUpBasic/noapplet/images/Discipline.gif]
[ndpsoftware.com/OpenUpBasic/noapplet/images/CapabilityPattern.gif]
[ndpsoftware.com/OpenUpBasic/noapplet/images/Guideline.gif]
[ndpsoftware.com/OpenUpBasic/noapplet/images/Domain.gif]
[ndpsoftware.com/OpenUpBasic/noapplet/images/Checklist.gif]
[ndpsoftware.com/OpenUpBasic/noapplet/images/Template.gif]
[ndpsoftware.com/OpenUpBasic/noapplet/images/Report.gif]
[ndpsoftware.com/OpenUpBasic/noapplet/images/Example.gif]
[ndpsoftware.com/OpenUpBasic/noapplet/images/DisciplineGrouping.gif]
[ndpsoftware.com/OpenUpBasic/noapplet/images/DeliveryProcess.gif]
[ndpsoftware.com/OpenUpBasic/noapplet/images/Activity.gif]
[ndpsoftware.com/OpenUpBasic/noapplet/images/folder.gif]
[ndpsoftware.com/OpenUpBasic/noapplet/OpenUP_Basic.html]
[w.sharethis.com/images/clip/CLIP_SPRITE.png]
[w.sharethis.com/images/clip/SnapSet_SPRITE.png]
[w.sharethis.com/images/share-icon-32x32.png]
[w.sharethis.com/images/clip/Bookmarklet_TAB.png]
[w.sharethis.com/images/clip/Bookmarklet_BG.png]
[w.sharethis.com/images/clip/Bookmarklet_CLOSE_SPRITE.png]
[w.sharethis.com/images/clip/Bookmarklet_Logo.png]
[w.sharethis.com/images/clip/HEADLINE.png]
[w.sharethis.com/images/clip/Bookmarklet_EXAMPLES.png]
[w.sharethis.com/button/css/clipboard.css]
[w.sharethis.com/button/html2canvas.js]
[ndpsoftware.com/linkedin/Impact-Label-fontfacekit/Impact_label-webfont.svg]
[ndpsoftware.com/linkedin/Impact-Label-fontfacekit/Impact_label_reversed-webfont.svg]
[ndpsoftware.com/experiment/css/stretch857b.html]
[ndpsoftware.com/experiment/css/stretch313b.html]
[ndpsoftware.com/experiment/css/stretchf2db.html]
[ndpsoftware.com/experiment/css/stretch2f7f.html]
[ndpsoftware.com/experiment/css/stretchb1b5.html]
[ndpsoftware.com/experiment/css/stretch6f58.html]
[ndpsoftware.com/experiment/css/stretchfe03.html]
[ndpsoftware.com/experiment/css/stretch8ea7.html]
[ndpsoftware.com/experiment/css/stretch2c9f.html]
[ndpsoftware.com/experiment/css/stretch507d.html]
[ndpsoftware.com/experiment/css/stretchb713.html]
[ndpsoftware.com/experiment/css/stretchceac.html]
[ndpsoftware.com/experiment/css/stretchd9b2.html]
[ndpsoftware.com/experiment/css/stretch5698.html]
[ndpsoftware.com/experiment/css/stretchbafb.html]
[ndpsoftware.com/experiment/css/stretch8f11.html]
[ndpsoftware.com/experiment/css/stretch081e.html]
[ndpsoftware.com/experiment/css/stretchb70c.html]
[ndpsoftware.com/experiment/css/stretch8905.html]
[ndpsoftware.com/experiment/css/stretch5c26.html]
[wiki.script.aculo.us/stylesheets/script.aculo.us.css]
[ndpsoftware.com/OpenUpBasic/scripts/contentpage.js]
[ndpsoftware.com/OpenUpBasic/scripts/treebrowser.js]
[ndpsoftware.com/OpenUpBasic/images/shim.gif]
[ndpsoftware.com/OpenUpBasic/openup_basic/guidances/supportingmaterials/resources/GetStarted_48.gif]
[ndpsoftware.com/OpenUpBasic/openup_basic/guidances/supportingmaterials/resources/CorePrinciples_48.gif]
[ndpsoftware.com/OpenUpBasic/openup_basic/guidances/supportingmaterials/resources/Roles_48.gif]
[ndpsoftware.com/OpenUpBasic/openup_basic/guidances/supportingmaterials/resources/WorkProducts_48.gif]
[ndpsoftware.com/OpenUpBasic/openup_basic/guidances/supportingmaterials/resources/Disciplines_48.gif]
[ndpsoftware.com/OpenUpBasic/openup_basic/guidances/supportingmaterials/resources/LifeCycle_48.gif]
[ndpsoftware.com/OpenUpBasic/openup_basic/guidances/supportingmaterials/resources/OpenUp1_350.jpg]
[ndpsoftware.com/OpenUpBasic/openup_basic/guidances/supportingmaterials/intro_to_openup_basic,_i-BDsNogEdqfmNgIq7q3Xw.html]
[ndpsoftware.com/OpenUpBasic/openup_basic/customcategories/getting_started,_cp6ycBOGEduCNqgZdt_OaA.html]
[ndpsoftware.com/OpenUpBasic/images/roadmap.gif]
[ndpsoftware.com/OpenUpBasic/openup_basic/guidances/roadmaps/resources/openup-basic_lifecycle.jpg]
[ndpsoftware.com/OpenUpBasic/openup_basic/guidances/roadmaps/resources/OpenUp2_504.jpg]
[ndpsoftware.com/OpenUpBasic/openup_basic/guidances/roadmaps/openup_basic_roadmap,_vEruwN-rEdqiM_wFaqLjNg.html]
[ndpsoftware.com/OpenUpBasic/openup_basic/customcategories/about,_ClDF4BOHEduCNqgZdt_OaA.html]
[ndpsoftware.com/OpenUpBasic/openup_basic/guidances/supportingmaterials/about_openup_basic,_8tSNMPGYEdqiDINUyockoA.html]
[ndpsoftware.com/OpenUpBasic/base_concepts/guidances/supportingmaterials/about_base_concepts,_uvje4D_fEdqDFvujd6NHiA.html]
[ndpsoftware.com/OpenUpBasic/openup_basic/guidances/supportingmaterials/resources/CRsym_obj.gif]
[ndpsoftware.com/OpenUpBasic/openup_basic/guidances/supportingmaterials/openup_copyright,_UaGfECcTEduSX6N2jUafGA.html]
[ndpsoftware.com/OpenUpBasic/openup_basic/customcategories/resources/concept_dgm32.gif]
[ndpsoftware.com/OpenUpBasic/openup_basic/customcategories/core_principles_cat,_HEu9QBOHEduCNqgZdt_OaA.html]
[ndpsoftware.com/OpenUpBasic/images/concept.gif]
[ndpsoftware.com/OpenUpBasic/openup_basic/guidances/concepts/core_principle_balance,_ssG6MMvpEdqukPpotm3DYg.html]
[ndpsoftware.com/OpenUpBasic/openup_basic/guidances/concepts/core_principle_collaborate,_KkTIsMp7EdqC_NfSivunjA.html]
[ndpsoftware.com/OpenUpBasic/openup_basic/guidances/concepts/core_principle_focus,_9gocwMvoEdqukPpotm3DYg.html]
[ndpsoftware.com/OpenUpBasic/openup_basic/guidances/concepts/core_principle_evolve,_GXiogMvoEdqukPpotm3DYg.html]
[ndpsoftware.com/OpenUpBasic/openup_basic/customcategories/sub_processes,_V2BQkEmbEdu0xduwSKie-w.html]
[ndpsoftware.com/OpenUpBasic/openup_basic/customcategories/collab_commun_subprocess,_r8cVIEmbEdu0xduwSKie-w.html]
[ndpsoftware.com/OpenUpBasic/images/content_package.gif]
[ndpsoftware.com/OpenUpBasic/openup_basic/rolesets/openup_basic_roles,_TZIJ0O8NEdmKSqa_gSYthg.html]
[ndpsoftware.com/OpenUpBasic/images/role.gif]
[ndpsoftware.com/OpenUpBasic/openup_basic/roles/analyst,_0VxJsMlgEdmt3adZL5Dmdw.jpg]
[ndpsoftware.com/OpenUpBasic/openup_basic/roles/analyst,_0VxJsMlgEdmt3adZL5Dmdw.html]
[ndpsoftware.com/OpenUpBasic/scripts/steps.js]
[ndpsoftware.com/OpenUpBasic/images/task.gif]
[ndpsoftware.com/OpenUpBasic/openup_basic/tasks/define_vision,_0fOAoMlgEdmt3adZL5Dmdw.html]
[ndpsoftware.com/OpenUpBasic/openup_basic/tasks/detail_requirements,_0e1mIMlgEdmt3adZL5Dmdw.html]
[ndpsoftware.com/OpenUpBasic/openup_basic/tasks/find_and_outline_requirements,_P9cMUPV_EdmdHa9MmVPgqQ.html]
[ndpsoftware.com/OpenUpBasic/images/artifact.gif]
[ndpsoftware.com/OpenUpBasic/openup_basic/workproducts/resources/md_acto2.gif]
[ndpsoftware.com/OpenUpBasic/openup_basic/workproducts/resources/md_acto3.gif]
[ndpsoftware.com/OpenUpBasic/openup_basic/workproducts/actor,_0VMh8MlgEdmt3adZL5Dmdw.html]
[ndpsoftware.com/OpenUpBasic/openup_basic/workproducts/glossary,_Wn7HcNcEEdqz_d2XWoVt6Q.html]
[ndpsoftware.com/OpenUpBasic/openup_basic/workproducts/resources/supporting_reguirements2.gif]
[ndpsoftware.com/OpenUpBasic/openup_basic/workproducts/supporting_requirements,_BVh9cL-CEdqb7N6KIeDL8Q.html]
[ndpsoftware.com/OpenUpBasic/openup_basic/workproducts/use_case,_0VGbUMlgEdmt3adZL5Dmdw.html]
[ndpsoftware.com/OpenUpBasic/openup_basic/workproducts/uc_model,_W2SgEDR5EdutE_HNDTJk5Q.html]
[ndpsoftware.com/OpenUpBasic/openup_basic/workproducts/vision,_0WVxcMlgEdmt3adZL5Dmdw.html]
[ndpsoftware.com/OpenUpBasic/openup_basic/roles/any_role,_0dsWoMlgEdmt3adZL5Dmdw.jpg]
[ndpsoftware.com/OpenUpBasic/openup_basic/roles/any_role,_0dsWoMlgEdmt3adZL5Dmdw.html]
[ndpsoftware.com/OpenUpBasic/openup_basic/tasks/request_change,_0mwzEclgEdmt3adZL5Dmdw.html]
[ndpsoftware.com/OpenUpBasic/openup_basic/tasks/analyze_arch_reqs,_0f-1oMlgEdmt3adZL5Dmdw.html]
[ndpsoftware.com/OpenUpBasic/openup_basic/tasks/demonstrate_architecture,_0hmmQclgEdmt3adZL5Dmdw.html]
[ndpsoftware.com/OpenUpBasic/openup_basic/tasks/develop_arch,_0gRJgMlgEdmt3adZL5Dmdw.html]
[ndpsoftware.com/OpenUpBasic/openup_basic/workproducts/arch_poc,_PoDR0NbYEdmlO4WLYHrJaQ.html]
[ndpsoftware.com/OpenUpBasic/openup_basic/workproducts/architecture,_0XAf0MlgEdmt3adZL5Dmdw.html]
[ndpsoftware.com/OpenUpBasic/openup_basic/roles/developer,_0YDosMlgEdmt3adZL5Dmdw.jpg]
[ndpsoftware.com/OpenUpBasic/openup_basic/roles/developer,_0YDosMlgEdmt3adZL5Dmdw.html]
[ndpsoftware.com/OpenUpBasic/openup_basic/tasks/design_solution,_0fshwMlgEdmt3adZL5Dmdw.html]
[ndpsoftware.com/OpenUpBasic/openup_basic/tasks/impl_developer_tests,_0iL1EMlgEdmt3adZL5Dmdw.html]
[ndpsoftware.com/OpenUpBasic/openup_basic/tasks/implement_solution,_0hyzgMlgEdmt3adZL5Dmdw.html]
[ndpsoftware.com/OpenUpBasic/openup_basic/tasks/run_developer_tests,_0iYCUMlgEdmt3adZL5Dmdw.html]
[ndpsoftware.com/OpenUpBasic/openup_basic/workproducts/build,_0YuXEMlgEdmt3adZL5Dmdw.html]
[ndpsoftware.com/OpenUpBasic/openup_basic/workproducts/design,_0WuL8slgEdmt3adZL5Dmdw.html]
[ndpsoftware.com/OpenUpBasic/openup_basic/workproducts/developer_test,_0YuXEclgEdmt3adZL5Dmdw.html]
[ndpsoftware.com/OpenUpBasic/openup_basic/workproducts/implementation,_0YoQcMlgEdmt3adZL5Dmdw.html]
[ndpsoftware.com/OpenUpBasic/openup_basic/roles/project_manager,_0a0o0MlgEdmt3adZL5Dmdw.jpg]
[ndpsoftware.com/OpenUpBasic/openup_basic/roles/project_manager,_0a0o0MlgEdmt3adZL5Dmdw.html]
[ndpsoftware.com/OpenUpBasic/openup_basic/tasks/assess_results,_0l53cMlgEdmt3adZL5Dmdw.html]
[ndpsoftware.com/OpenUpBasic/openup_basic/tasks/manage_iteration,_8S2aICbYEdqh1LYUOGRh2A.html]
[ndpsoftware.com/OpenUpBasic/openup_basic/tasks/plan_iteration,_0keUEMlgEdmt3adZL5Dmdw.html]
[ndpsoftware.com/OpenUpBasic/openup_basic/tasks/plan_the_project,_0lC70MlgEdmt3adZL5Dmdw.html]
[ndpsoftware.com/OpenUpBasic/openup_basic/workproducts/iteration_plan,_0aQBEslgEdmt3adZL5Dmdw.html]
[ndpsoftware.com/OpenUpBasic/openup_basic/workproducts/project_plan,_0a6vcMlgEdmt3adZL5Dmdw.html]
[ndpsoftware.com/OpenUpBasic/openup_basic/workproducts/risk_list,_Ckay8Cc_EduIsqH1Q6ZuqA.html]
[ndpsoftware.com/OpenUpBasic/openup_basic/workproducts/status_assessment,_0bA2EMlgEdmt3adZL5Dmdw.html]
[ndpsoftware.com/OpenUpBasic/openup_basic/workproducts/work_items_list,_rGNWsCbSEdqh1LYUOGRh2A.html]
[ndpsoftware.com/OpenUpBasic/openup_basic/roles/stakeholder,_dTa6gMAYEdqX-s4mWhkyqQ.jpg]
[ndpsoftware.com/OpenUpBasic/openup_basic/roles/stakeholder,_dTa6gMAYEdqX-s4mWhkyqQ.html]
[ndpsoftware.com/OpenUpBasic/openup_basic/roles/tester,_0ZM4MclgEdmt3adZL5Dmdw.jpg]
[ndpsoftware.com/OpenUpBasic/openup_basic/roles/tester,_0ZM4MclgEdmt3adZL5Dmdw.html]
[ndpsoftware.com/OpenUpBasic/openup_basic/tasks/create_test_case,_0iwc0clgEdmt3adZL5Dmdw.html]
[ndpsoftware.com/OpenUpBasic/openup_basic/tasks/implement_tests,_0jO98MlgEdmt3adZL5Dmdw.html]
[ndpsoftware.com/OpenUpBasic/openup_basic/tasks/run_tests,_0jVEkMlgEdmt3adZL5Dmdw.html]
[ndpsoftware.com/OpenUpBasic/openup_basic/workproducts/test_case,_0ZS-0MlgEdmt3adZL5Dmdw.html]
[ndpsoftware.com/OpenUpBasic/openup_basic/workproducts/test_log,_0ZlSsMlgEdmt3adZL5Dmdw.html]
[ndpsoftware.com/OpenUpBasic/openup_basic/workproducts/test_script,_0ZfMEMlgEdmt3adZL5Dmdw.html]
[ndpsoftware.com/OpenUpBasic/openup_basic/customcategories/intent_subprocess,_57_ZMEmbEdu0xduwSKie-w.html]
[ndpsoftware.com/OpenUpBasic/openup_basic/disciplines/requirements,_0TR2ZMlgEdmt3adZL5Dmdw.html]
[ndpsoftware.com/OpenUpBasic/scripts/elementUrls.js]
[ndpsoftware.com/OpenUpBasic/scripts/treetable.js]
[ndpsoftware.com/OpenUpBasic/scripts/activitylayout.js]
[ndpsoftware.com/OpenUpBasic/images/process.gif]
[ndpsoftware.com/OpenUpBasic/images/tab_middle-i_a.gif]
[ndpsoftware.com/OpenUpBasic/images/tab_middle-a_i.gif]
[ndpsoftware.com/OpenUpBasic/images/tab_middle-i_i.gif]
[ndpsoftware.com/OpenUpBasic/images/tab_end-i.gif]
[ndpsoftware.com/OpenUpBasic/images/tab_space_middle.gif]
[ndpsoftware.com/OpenUpBasic/images/tab_space.gif]
[ndpsoftware.com/OpenUpBasic/openup_basic/capabilitypatterns/resources/initiate_project__0pWNA8lgEdmt3adZL5Dmdw_ActivityDetail.jpg]
[ndpsoftware.com/OpenUpBasic/openup_basic/capabilitypatterns/initiate_project,_0pWNA8lgEdmt3adZL5Dmdw.html]
[ndpsoftware.com/OpenUpBasic/openup_basic/capabilitypatterns/resources/manage_requirements__0o9ygclgEdmt3adZL5Dmdw_ActivityDetail.jpg]
[ndpsoftware.com/OpenUpBasic/openup_basic/capabilitypatterns/manage_requirements,_0o9ygclgEdmt3adZL5Dmdw.html]
[ndpsoftware.com/OpenUpBasic/openup_basic/capabilitypatterns/resources/ongoing_tasks__0pJ_xslgEdmt3adZL5Dmdw_ActivityDetail.jpg]
[ndpsoftware.com/OpenUpBasic/openup_basic/capabilitypatterns/ongoing_tasks,_0pJ_xslgEdmt3adZL5Dmdw.html]
[ndpsoftware.com/OpenUpBasic/images/guidance.gif]
[ndpsoftware.com/OpenUpBasic/openup_basic/guidances/guidelines/detail_ucs_and_scenarios,_4BJ_YCxSEdqjsdw1QLH_6Q.html]
[ndpsoftware.com/OpenUpBasic/openup_basic/guidances/guidelines/effective_req_reviews,_E-dPIL-GEdqb7N6KIeDL8Q.html]
[ndpsoftware.com/OpenUpBasic/openup_basic/guidances/guidelines/find_and_outline_actors_and_ucs,_eyL0wCu-EdqSxKAVa9kmvA.html]
[ndpsoftware.com/OpenUpBasic/openup_basic/guidances/concepts/requirement_attributes,_VQ268O0KEdqHTdbLTmC5IQ.html]
[ndpsoftware.com/OpenUpBasic/openup_basic/guidances/guidelines/requirement_pitfalls,_1AOsMO0JEdqHTdbLTmC5IQ.html]
[ndpsoftware.com/OpenUpBasic/openup_basic/guidances/concepts/requirements,_0Wh-sMlgEdmt3adZL5Dmdw.html]
[ndpsoftware.com/OpenUpBasic/openup_basic/guidances/guidelines/resources/Workshop Activity Diagram.gif]
[ndpsoftware.com/OpenUpBasic/openup_basic/guidances/guidelines/resources/Which Req Gathering Technique.gif]
[ndpsoftware.com/OpenUpBasic/openup_basic/guidances/guidelines/req_gathering_techniques,_OnoNQNSAEdmLhZ9H5Plxyw.html]
[ndpsoftware.com/OpenUpBasic/openup_basic/guidances/concepts/supporting_requirements,_VXZ5wO0IEdqHTdbLTmC5IQ.html]
[ndpsoftware.com/OpenUpBasic/openup_basic/guidances/guidelines/supporting_requirements,_wr24gNcGEdqz_d2XWoVt6Q.html]
[ndpsoftware.com/OpenUpBasic/openup_basic/guidances/concepts/traceability,_eYtQQO0KEdqHTdbLTmC5IQ.html]
[ndpsoftware.com/OpenUpBasic/openup_basic/guidances/concepts/resources/im_uc.gif]
[ndpsoftware.com/OpenUpBasic/openup_basic/guidances/concepts/resources/ucstrct.gif]
[ndpsoftware.com/OpenUpBasic/openup_basic/guidances/concepts/resources/ucprepst.gif]
[ndpsoftware.com/OpenUpBasic/openup_basic/guidances/concepts/use_case,_KudM0NcJEdqz_d2XWoVt6Q.html]
[ndpsoftware.com/OpenUpBasic/openup_basic/guidances/guidelines/use_case_formats,_qq0GMAXkEduj_7BEUj1JfQ.html]
[ndpsoftware.com/OpenUpBasic/openup_basic/guidances/guidelines/writing_good_requirements,_6jXzYNcKEdqz_d2XWoVt6Q.html]
[ndpsoftware.com/OpenUpBasic/openup_basic/disciplines/config_and_change_management,_0TwXgMlgEdmt3adZL5Dmdw.html]
[ndpsoftware.com/OpenUpBasic/openup_basic/guidances/guidelines/assign_changes_to_iteration,__yQQ4L6REdqti4GwqTkbsQ.html]
[ndpsoftware.com/OpenUpBasic/openup_basic/guidances/concepts/change_requests,_6jdvECb3Edqh1LYUOGRh2A.html]
[ndpsoftware.com/OpenUpBasic/openup_basic/guidances/guidelines/change_requests,_fnZj0NVXEdqy9sbRhejO5Q.html]
[ndpsoftware.com/OpenUpBasic/openup_basic/guidances/concepts/continuous_integration,_B3xkEPD0EdqYgerqi84oCA.html]
[ndpsoftware.com/OpenUpBasic/openup_basic/guidances/guidelines/resources/ac_intsy.gif]
[ndpsoftware.com/OpenUpBasic/openup_basic/guidances/guidelines/continuous_integration,_i8bUEL6cEdqti4GwqTkbsQ.html]
[ndpsoftware.com/OpenUpBasic/openup_basic/guidances/guidelines/promoting_builds,_SM4YIL6dEdqti4GwqTkbsQ.html]
[ndpsoftware.com/OpenUpBasic/openup_basic/guidances/guidelines/resources/wil_overview.bmp]
[ndpsoftware.com/OpenUpBasic/openup_basic/guidances/guidelines/work_items_list,_7vEXEMA4EdqSgKaj2SZBmg.html]
[ndpsoftware.com/OpenUpBasic/openup_basic/guidances/concepts/workspace,_0cEmAMlgEdmt3adZL5Dmdw.html]
[ndpsoftware.com/OpenUpBasic/openup_basic/domains/requirements,_allMQMWfEdqiT9CqkRksWQ.html]
[ndpsoftware.com/OpenUpBasic/images/checklist.gif]
[ndpsoftware.com/OpenUpBasic/openup_basic/guidances/checklists/actor,_0VrDEMlgEdmt3adZL5Dmdw.html]
[ndpsoftware.com/OpenUpBasic/openup_basic/guidances/checklists/good_requirements,_jxn9EO0HEdqHTdbLTmC5IQ.html]
[ndpsoftware.com/OpenUpBasic/openup_basic/guidances/checklists/supporting_requirements,_Vael8CGMEdu3VKXZx45D3A.html]
[ndpsoftware.com/OpenUpBasic/images/template.gif]
[ndpsoftware.com/OpenUpBasic/openup_basic/guidances/templates/resources/supporting_req_spec.doc]
[ndpsoftware.com/OpenUpBasic/openup_basic/guidances/templates/supporting_requirements_spec,_ItYXcNa9Edqrw4BYKyYKiA.html]
[ndpsoftware.com/OpenUpBasic/openup_basic/guidances/checklists/use_case,_0kNwINk1Edq2Q8qZoWbvGA.html]
[ndpsoftware.com/OpenUpBasic/openup_basic/guidances/templates/resources/uc_specification.doc]
[ndpsoftware.com/OpenUpBasic/openup_basic/guidances/templates/uc_specification,_0cpNwMlgEdmt3adZL5Dmdw.html]
[ndpsoftware.com/OpenUpBasic/openup_basic/guidances/checklists/uc_model,_0U6OEMlgEdmt3adZL5Dmdw.html]
[ndpsoftware.com/OpenUpBasic/openup_basic/guidances/concepts/resources/md_ucmo2.gif]
[ndpsoftware.com/OpenUpBasic/openup_basic/guidances/concepts/resources/ucmex3.gif]
[ndpsoftware.com/OpenUpBasic/openup_basic/guidances/concepts/resources/md_actg2.gif]
[ndpsoftware.com/OpenUpBasic/openup_basic/guidances/concepts/resources/include1.gif]
[ndpsoftware.com/OpenUpBasic/openup_basic/guidances/concepts/resources/extend1.gif]
[ndpsoftware.com/OpenUpBasic/openup_basic/guidances/concepts/use_case_model,_2jyfUAhVEduRe8TeoBmuGg.html]
[ndpsoftware.com/OpenUpBasic/openup_basic/guidances/guidelines/resources/ucmex2.gif]
[ndpsoftware.com/OpenUpBasic/openup_basic/guidances/guidelines/resources/md_ucmo6.gif]
[ndpsoftware.com/OpenUpBasic/openup_basic/guidances/guidelines/uc_model,_0VAUsMlgEdmt3adZL5Dmdw.html]
[ndpsoftware.com/OpenUpBasic/openup_basic/guidances/checklists/vision,_0WoFUMlgEdmt3adZL5Dmdw.html]
[ndpsoftware.com/OpenUpBasic/openup_basic/guidances/templates/resources/vision.doc]
[ndpsoftware.com/OpenUpBasic/openup_basic/guidances/templates/vision,_0cW54MlgEdmt3adZL5Dmdw.html]
[ndpsoftware.com/OpenUpBasic/openup_basic/customcategories/management_subprocess,_Aoz2gEmcEdu0xduwSKie-w.html]
[ndpsoftware.com/OpenUpBasic/openup_basic/disciplines/project_management,_0TqQ4MlgEdmt3adZL5Dmdw.html]
[ndpsoftware.com/OpenUpBasic/openup_basic/domains/project_management,_QxjGYMWfEdqiT9CqkRksWQ.html]
[ndpsoftware.com/OpenUpBasic/openup_basic/guidances/concepts/resources/iteration_1.gif]
[ndpsoftware.com/OpenUpBasic/openup_basic/guidances/concepts/iteration,_lam4ADkBEduxovfWMDsntw.html]
[ndpsoftware.com/OpenUpBasic/images/report.gif]
[ndpsoftware.com/OpenUpBasic/openup_basic/guidances/reports/resources/ex_iteration_burndown.xls]
[ndpsoftware.com/OpenUpBasic/openup_basic/guidances/reports/iteration_burndown,_uAzgkDg3Edu4E8ZdmlYjtA.html]
[ndpsoftware.com/OpenUpBasic/images/example.gif]
[ndpsoftware.com/OpenUpBasic/openup_basic/guidances/examples/resources/ex_iteration_plan.doc]
[ndpsoftware.com/OpenUpBasic/openup_basic/guidances/examples/iteration_plan,_TuNhIEE4EdulKujnGUuxbg.html]
[ndpsoftware.com/OpenUpBasic/openup_basic/guidances/templates/resources/iteration_plan.doc]
[ndpsoftware.com/OpenUpBasic/openup_basic/guidances/templates/iteration_plan,_0dBoQMlgEdmt3adZL5Dmdw.html]
[ndpsoftware.com/OpenUpBasic/openup_basic/guidances/guidelines/iteration_planning,_0auiMMlgEdmt3adZL5Dmdw.html]
[ndpsoftware.com/OpenUpBasic/openup_basic/guidances/reports/resources/ex_project_burndown.xls]
[ndpsoftware.com/OpenUpBasic/openup_basic/guidances/reports/project_burndown,_ePrt8Dj3EduxovfWMDsntw.html]
[ndpsoftware.com/OpenUpBasic/openup_basic/guidances/examples/resources/project_plan.doc]
[ndpsoftware.com/OpenUpBasic/openup_basic/guidances/examples/project_plan,_Nzv5kDoAEdusGsHODb-STA.html]
[ndpsoftware.com/OpenUpBasic/openup_basic/guidances/templates/resources/project_plan.doc]
[ndpsoftware.com/OpenUpBasic/openup_basic/guidances/templates/project_plan,_0c7hoMlgEdmt3adZL5Dmdw.html]
[ndpsoftware.com/OpenUpBasic/openup_basic/guidances/concepts/risk,_0bsLgMlgEdmt3adZL5Dmdw.html]
[ndpsoftware.com/OpenUpBasic/openup_basic/guidances/checklists/risk_list,_7BZa0DIdEduDTv4Y1akVTA.html]
[ndpsoftware.com/OpenUpBasic/openup_basic/guidances/templates/resources/risk_list.xls]
[ndpsoftware.com/OpenUpBasic/openup_basic/guidances/templates/risk_list,_MIUO0C8FEduzydamRseoUw.html]
[ndpsoftware.com/OpenUpBasic/openup_basic/guidances/concepts/risk_management,_VNxL4ACsEdu8m4dIntu6jA.html]
[ndpsoftware.com/OpenUpBasic/openup_basic/guidances/templates/resources/status_assessment.doc]
[ndpsoftware.com/OpenUpBasic/openup_basic/guidances/templates/status_assessment,_1awLIEp2Edup0IY9DKDPkg.html]
[ndpsoftware.com/OpenUpBasic/openup_basic/guidances/guidelines/agile_estimation,_CGHskBEdEdqY7JB6N6CW2w.html]
[ndpsoftware.com/OpenUpBasic/openup_basic/guidances/examples/resources/ex_work_items_list.xls]
[ndpsoftware.com/OpenUpBasic/openup_basic/guidances/examples/work_items_list,_nHomIDgzEdu4E8ZdmlYjtA.html]
[ndpsoftware.com/OpenUpBasic/openup_basic/guidances/templates/resources/work_items_list.xls]
[ndpsoftware.com/OpenUpBasic/openup_basic/guidances/templates/work_items_list,_QwUJYDg0Edu4E8ZdmlYjtA.html]
[ndpsoftware.com/OpenUpBasic/openup_basic/capabilitypatterns/resources/manage_iteration__0nJNkslgEdmt3adZL5Dmdw_ActivityDetail.jpg]
[ndpsoftware.com/OpenUpBasic/openup_basic/capabilitypatterns/manage_iteration,_0nJNkslgEdmt3adZL5Dmdw.html]
[ndpsoftware.com/OpenUpBasic/openup_basic/customcategories/solution_subprocess,_HEVvgEmcEdu0xduwSKie-w.html]
[ndpsoftware.com/OpenUpBasic/openup_basic/disciplines/analysis_and_design,_0TX9AMlgEdmt3adZL5Dmdw.html]
[ndpsoftware.com/OpenUpBasic/openup_basic/disciplines/implementation,_0TeDoMlgEdmt3adZL5Dmdw.html]
[ndpsoftware.com/OpenUpBasic/openup_basic/disciplines/test,_0TkKQMlgEdmt3adZL5Dmdw.html]
[ndpsoftware.com/OpenUpBasic/openup_basic/domains/architecture,_xITr8MWXEdqWePvIjHInwg.html]
[ndpsoftware.com/OpenUpBasic/openup_basic/guidances/guidelines/arch_poc,_THh0cMm_EdqGlYjw6LZtjg.html]
[ndpsoftware.com/OpenUpBasic/openup_basic/guidances/concepts/abstract_away_complexity,_we3F4ACpEdu8m4dIntu6jA.html]
[ndpsoftware.com/OpenUpBasic/openup_basic/guidances/guidelines/resources/4plus1_2.jpg]
[ndpsoftware.com/OpenUpBasic/openup_basic/guidances/guidelines/architectural_view,_T9nygClEEduLGM8dfVsrKg.html]
[ndpsoftware.com/OpenUpBasic/openup_basic/guidances/checklists/architecture,_17PYUNd6EdmIm-bsRSNCgw.html]
[ndpsoftware.com/OpenUpBasic/openup_basic/guidances/templates/resources/sw_architecture_doc_tpl.doc]
[ndpsoftware.com/OpenUpBasic/openup_basic/guidances/templates/resources/project_startup_kit.zip]
[ndpsoftware.com/OpenUpBasic/openup_basic/guidances/templates/resources/sw_architecture_view_tpl.doc]
[ndpsoftware.com/OpenUpBasic/openup_basic/guidances/templates/resources/software_arch_document.doc]
[ndpsoftware.com/OpenUpBasic/openup_basic/guidances/templates/architecture,__JXkoCk8EduLGM8dfVsrKg.html]
[ndpsoftware.com/OpenUpBasic/openup_basic/guidances/concepts/component,_0YP18MlgEdmt3adZL5Dmdw.html]
[ndpsoftware.com/OpenUpBasic/openup_basic/guidances/guidelines/layering,_0gpkAMlgEdmt3adZL5Dmdw.html]
[ndpsoftware.com/OpenUpBasic/openup_basic/guidances/concepts/patterns,_0YJvUMlgEdmt3adZL5Dmdw.html]
[ndpsoftware.com/OpenUpBasic/openup_basic/guidances/guidelines/repres_interfaces_to_ext_systems,_0gjdYMlgEdmt3adZL5Dmdw.html]
[ndpsoftware.com/OpenUpBasic/openup_basic/guidances/concepts/using_visualizations,_Jlz_YACuEdu8m4dIntu6jA.html]
[ndpsoftware.com/OpenUpBasic/openup_basic/guidances/concepts/resources/visual.gif]
[ndpsoftware.com/OpenUpBasic/openup_basic/guidances/concepts/visual_modeling,_0XY6UMlgEdmt3adZL5Dmdw.html]
[ndpsoftware.com/OpenUpBasic/openup_basic/domains/development,_A9k3UMWfEdqiT9CqkRksWQ.html]
[ndpsoftware.com/OpenUpBasic/openup_basic/guidances/checklists/design,_0XSzsMlgEdmt3adZL5Dmdw.html]
[ndpsoftware.com/OpenUpBasic/openup_basic/guidances/guidelines/design,_0X3bcMlgEdmt3adZL5Dmdw.html]
[ndpsoftware.com/OpenUpBasic/openup_basic/guidances/concepts/resources/testFirstDesign.jpg]
[ndpsoftware.com/OpenUpBasic/openup_basic/guidances/concepts/test_first_design,_0Y6kUMlgEdmt3adZL5Dmdw.html]
[ndpsoftware.com/OpenUpBasic/openup_basic/guidances/guidelines/types_of_developer_tests,_eRutgC5QEduVhuZHT5jKZQ.html]
[ndpsoftware.com/OpenUpBasic/openup_basic/guidances/guidelines/implementation,_0Y0dsMlgEdmt3adZL5Dmdw.html]
[ndpsoftware.com/OpenUpBasic/openup_basic/domains/test,_ou4CMMWfEdqiT9CqkRksWQ.html]
[ndpsoftware.com/OpenUpBasic/openup_basic/guidances/checklists/test_case,_0Zxf8MlgEdmt3adZL5Dmdw.html]
[ndpsoftware.com/OpenUpBasic/openup_basic/guidances/templates/resources/test_case.doc]
[ndpsoftware.com/OpenUpBasic/openup_basic/guidances/templates/test_case,_0dT8IMlgEdmt3adZL5Dmdw.html]
[ndpsoftware.com/OpenUpBasic/openup_basic/guidances/concepts/types_of_test,_0aJ6cMlgEdmt3adZL5Dmdw.html]
[ndpsoftware.com/OpenUpBasic/openup_basic/guidances/guidelines/programming_automated_tests,_0j5sUMlgEdmt3adZL5Dmdw.html]
[ndpsoftware.com/OpenUpBasic/openup_basic/guidances/checklists/test_data,_KZQJMBhBEduxCP6DVVLxsA.html]
[ndpsoftware.com/OpenUpBasic/openup_basic/guidances/guidelines/test_suite,_0aDz0MlgEdmt3adZL5Dmdw.html]
[ndpsoftware.com/OpenUpBasic/openup_basic/capabilitypatterns/resources/define_architecture__0sx7islgEdmt3adZL5Dmdw_ActivityDetail.jpg]
[ndpsoftware.com/OpenUpBasic/openup_basic/capabilitypatterns/define_architecture,_0sx7islgEdmt3adZL5Dmdw.html]
[ndpsoftware.com/OpenUpBasic/openup_basic/capabilitypatterns/resources/determine_architectural_feasibility__0sluQslgEdmt3adZL5Dmdw_ActivityDetail.jpg]
[ndpsoftware.com/OpenUpBasic/openup_basic/capabilitypatterns/determine_architectural_feasibility,_0sluQslgEdmt3adZL5Dmdw.html]
[ndpsoftware.com/OpenUpBasic/openup_basic/capabilitypatterns/resources/develop_solution__h2-iAfimEdmugcVr9AdHjQ_Activity.jpg]
[ndpsoftware.com/OpenUpBasic/openup_basic/capabilitypatterns/resources/develop_solution__h2-iAfimEdmugcVr9AdHjQ_ActivityDetail.jpg]
[ndpsoftware.com/OpenUpBasic/openup_basic/capabilitypatterns/develop_solution,_h2-iAfimEdmugcVr9AdHjQ.html]
[ndpsoftware.com/OpenUpBasic/openup_basic/capabilitypatterns/resources/test__0nz79clgEdmt3adZL5Dmdw_ActivityDetail.jpg]
[ndpsoftware.com/OpenUpBasic/openup_basic/capabilitypatterns/test,_0nz79clgEdmt3adZL5Dmdw.html]
[ndpsoftware.com/OpenUpBasic/openup_basic/domains/openup_basic_wp,_s4Z9AMWXEdqWePvIjHInwg.html]
[ndpsoftware.com/OpenUpBasic/openup_basic/disciplinegroupings/openup_basic_disciplines,__BZycP1UEdmek8CQTQgrOQ.html]
[ndpsoftware.com/OpenUpBasic/openup_basic/guidances/supportingmaterials/resources/openup-basic_lifecycle.jpg]
[ndpsoftware.com/OpenUpBasic/openup_basic/deliveryprocesses/openup_basic_process,_0uyGoMlgEdmt3adZL5Dmdw.html]
[ndpsoftware.com/OpenUpBasic/openup_basic/deliveryprocesses/resources/inception_phase_iteration__xupMvxOKEduCNqgZdt_OaA_Activity.jpg]
[ndpsoftware.com/OpenUpBasic/openup_basic/deliveryprocesses/inception_phase_iteration,_xupMvxOKEduCNqgZdt_OaAe494.html]
[ndpsoftware.com/OpenUpBasic/openup_basic/capabilitypatterns/resources/initiate_project__0oSdE8lgEdmt3adZL5Dmdw_ActivityDetail.jpg]
[ndpsoftware.com/OpenUpBasic/openup_basic/capabilitypatterns/initiate_project,_0oSdE8lgEdmt3adZL5Dmdw2101.html]
[ndpsoftware.com/OpenUpBasic/openup_basic/capabilitypatterns/resources/manage_iteration__jLaKwP77Edm1zMZYtD3GjA_ActivityDetail.jpg]
[ndpsoftware.com/OpenUpBasic/openup_basic/capabilitypatterns/manage_iteration,_jLaKwP77Edm1zMZYtD3GjA5a50.html]
[ndpsoftware.com/OpenUpBasic/openup_basic/capabilitypatterns/resources/manage_requirements__0okw8clgEdmt3adZL5Dmdw_ActivityDetail.jpg]
[ndpsoftware.com/OpenUpBasic/openup_basic/capabilitypatterns/manage_requirements,_0okw8clgEdmt3adZL5Dmdw04ae.html]
[ndpsoftware.com/OpenUpBasic/openup_basic/capabilitypatterns/resources/determine_architectural_feasibility__0oreoclgEdmt3adZL5Dmdw_ActivityDetail.jpg]
[ndpsoftware.com/OpenUpBasic/openup_basic/capabilitypatterns/determine_architectural_feasibility,_0oreoclgEdmt3adZL5Dmdwb17b.html]
[ndpsoftware.com/OpenUpBasic/openup_basic/deliveryprocesses/resources/elaboration_phase_iteration__0Spa4BOKEduCNqgZdt_OaA_Activity.jpg]
[ndpsoftware.com/OpenUpBasic/openup_basic/deliveryprocesses/elaboration_phase_iteration,_0Spa4BOKEduCNqgZdt_OaA9f0a.html]
[ndpsoftware.com/OpenUpBasic/openup_basic/capabilitypatterns/resources/manage_iteration__0rWYIslgEdmt3adZL5Dmdw_ActivityDetail.jpg]
[ndpsoftware.com/OpenUpBasic/openup_basic/capabilitypatterns/manage_iteration,_0rWYIslgEdmt3adZL5Dmdwdb3b.html]
[ndpsoftware.com/OpenUpBasic/openup_basic/capabilitypatterns/resources/manage_requirements__0ruyoclgEdmt3adZL5Dmdw_ActivityDetail.jpg]
[ndpsoftware.com/OpenUpBasic/openup_basic/capabilitypatterns/manage_requirements,_0ruyoclgEdmt3adZL5Dmdwd996.html]
[ndpsoftware.com/OpenUpBasic/openup_basic/capabilitypatterns/resources/define_architecture__0rcewclgEdmt3adZL5Dmdw_ActivityDetail.jpg]
[ndpsoftware.com/OpenUpBasic/openup_basic/capabilitypatterns/define_architecture,_0rcewclgEdmt3adZL5Dmdw0ee8.html]
[ndpsoftware.com/OpenUpBasic/openup_basic/capabilitypatterns/resources/develop_requirement_within_context__WrXvwPinEdmugcVr9AdHjQ_Activity.jpg]
[ndpsoftware.com/OpenUpBasic/openup_basic/capabilitypatterns/resources/develop_requirement_within_context__WrXvwPinEdmugcVr9AdHjQ_ActivityDetail.jpg]
[ndpsoftware.com/OpenUpBasic/openup_basic/capabilitypatterns/develop_requirement_within_context,_WrXvwPinEdmugcVr9AdHjQ1c2c.html]
[ndpsoftware.com/OpenUpBasic/openup_basic/capabilitypatterns/resources/validate_build__0rilYclgEdmt3adZL5Dmdw_ActivityDetail.jpg]
[ndpsoftware.com/OpenUpBasic/openup_basic/capabilitypatterns/validate_build,_0rilYclgEdmt3adZL5Dmdw185b.html]
[ndpsoftware.com/OpenUpBasic/openup_basic/capabilitypatterns/resources/ongoing_tasks__TAVx0CliEdqjQsaFX0CJTw_ActivityDetail.jpg]
[ndpsoftware.com/OpenUpBasic/openup_basic/capabilitypatterns/ongoing_tasks,_TAVx0CliEdqjQsaFX0CJTw8ed9.html]
[ndpsoftware.com/OpenUpBasic/openup_basic/deliveryprocesses/resources/construction_phase_iteration__3CqrAROKEduCNqgZdt_OaA_Activity.jpg]
[ndpsoftware.com/OpenUpBasic/openup_basic/deliveryprocesses/construction_phase_iteration,_3CqrAROKEduCNqgZdt_OaA6775.html]
[ndpsoftware.com/OpenUpBasic/openup_basic/capabilitypatterns/resources/manage_iteration__y-k0bOtQEdqc1LGhiSPqRg_ActivityDetail.jpg]
[ndpsoftware.com/OpenUpBasic/openup_basic/capabilitypatterns/manage_iteration,_y-k0bOtQEdqc1LGhiSPqRg8216.html]
[ndpsoftware.com/OpenUpBasic/openup_basic/capabilitypatterns/resources/manage_requirements__eE5nEUbpEduLBN1xMBngqw_ActivityDetail.jpg]
[ndpsoftware.com/OpenUpBasic/openup_basic/capabilitypatterns/manage_requirements,_eE5nEUbpEduLBN1xMBngqw6b6c.html]
[ndpsoftware.com/OpenUpBasic/openup_basic/capabilitypatterns/resources/develop_solution__MWFjoU9HEdudU75l2xOQTw_Activity.jpg]
[ndpsoftware.com/OpenUpBasic/openup_basic/capabilitypatterns/resources/develop_solution__MWFjoU9HEdudU75l2xOQTw_ActivityDetail.jpg]
[ndpsoftware.com/OpenUpBasic/openup_basic/capabilitypatterns/develop_solution,_MWFjoU9HEdudU75l2xOQTw0f9a.html]
[ndpsoftware.com/OpenUpBasic/openup_basic/capabilitypatterns/resources/validate_build__y-3IretQEdqc1LGhiSPqRg_ActivityDetail.jpg]
[ndpsoftware.com/OpenUpBasic/openup_basic/capabilitypatterns/validate_build,_y-3IretQEdqc1LGhiSPqRg9e4f.html]
[ndpsoftware.com/OpenUpBasic/openup_basic/capabilitypatterns/resources/ongoing_tasks__y_PjTOtQEdqc1LGhiSPqRg_ActivityDetail.jpg]
[ndpsoftware.com/OpenUpBasic/openup_basic/capabilitypatterns/ongoing_tasks,_y_PjTOtQEdqc1LGhiSPqRg07f7.html]
[ndpsoftware.com/OpenUpBasic/openup_basic/deliveryprocesses/resources/transition_phase_iteration__467NIhOKEduCNqgZdt_OaA_Activity.jpg]
[ndpsoftware.com/OpenUpBasic/openup_basic/deliveryprocesses/transition_phase_iteration,_467NIhOKEduCNqgZdt_OaA05ec.html]
[ndpsoftware.com/OpenUpBasic/openup_basic/capabilitypatterns/resources/manage_iteration__0q33AclgEdmt3adZL5Dmdw_ActivityDetail.jpg]
[ndpsoftware.com/OpenUpBasic/openup_basic/capabilitypatterns/manage_iteration,_0q33AclgEdmt3adZL5Dmdw01af.html]
[ndpsoftware.com/OpenUpBasic/openup_basic/capabilitypatterns/resources/develop_requirement_within_context__0DMlYPinEdmugcVr9AdHjQ_Activity.jpg]
[ndpsoftware.com/OpenUpBasic/openup_basic/capabilitypatterns/resources/develop_requirement_within_context__0DMlYPinEdmugcVr9AdHjQ_ActivityDetail.jpg]
[ndpsoftware.com/OpenUpBasic/openup_basic/capabilitypatterns/develop_requirement_within_context,_0DMlYPinEdmugcVr9AdHjQd4bf.html]
[ndpsoftware.com/OpenUpBasic/openup_basic/capabilitypatterns/resources/validate_build__0qrpwslgEdmt3adZL5Dmdw_ActivityDetail.jpg]
[ndpsoftware.com/OpenUpBasic/openup_basic/capabilitypatterns/validate_build,_0qrpwslgEdmt3adZL5Dmdw53c4.html]
[ndpsoftware.com/OpenUpBasic/openup_basic/capabilitypatterns/resources/ongoing_tasks__0qxwYclgEdmt3adZL5Dmdw_ActivityDetail.jpg]
[ndpsoftware.com/OpenUpBasic/openup_basic/capabilitypatterns/ongoing_tasks,_0qxwYclgEdmt3adZL5Dmdwf62e.html]
[ndpsoftware.com/OpenUpBasic/openup_basic/deliveryprocesses/Guidance_openup_basic_process,_0uyGoMlgEdmt3adZL5Dmdw.html]
[ndpsoftware.com/OpenUpBasic/openup_basic/guidances/concepts/construction_phase,_48EKsBOMEduCNqgZdt_OaA.html]
[ndpsoftware.com/OpenUpBasic/openup_basic/guidances/concepts/elaboration_phase,_2plxwBOMEduCNqgZdt_OaA.html]
[ndpsoftware.com/OpenUpBasic/openup_basic/guidances/concepts/inception_phase,_0hmKgBOMEduCNqgZdt_OaA.html]
[ndpsoftware.com/OpenUpBasic/openup_basic/guidances/concepts/transition_phase,__ca5UBOMEduCNqgZdt_OaA.html]
[ndpsoftware.com/OpenUpBasic/css/default.css]
[ndpsoftware.com/OpenUpBasic/index-2.html]
[ndpsoftware.com/OpenUpBasic/images/activity.gif]
[ndpsoftware.com/OpenUpBasic/images/activity_medium.gif]
[ndpsoftware.com/OpenUpBasic/images/ar_acls.gif]
[ndpsoftware.com/OpenUpBasic/images/ar_anamd.gif]
[ndpsoftware.com/OpenUpBasic/images/ar_class.gif]
[ndpsoftware.com/OpenUpBasic/images/ar_desmd.gif]
[ndpsoftware.com/OpenUpBasic/images/ar_doc.gif]
[ndpsoftware.com/OpenUpBasic/images/ar_dpkg.gif]
[ndpsoftware.com/OpenUpBasic/images/ar_dplmod.gif]
[ndpsoftware.com/OpenUpBasic/images/ar_dssub.gif]
[ndpsoftware.com/OpenUpBasic/images/ar_event.gif]
[ndpsoftware.com/OpenUpBasic/images/ar_impmd.gif]
[ndpsoftware.com/OpenUpBasic/images/ar_intfc.gif]
[ndpsoftware.com/OpenUpBasic/images/ar_poc.gif]
[ndpsoftware.com/OpenUpBasic/images/ar_signa.gif]
[ndpsoftware.com/OpenUpBasic/images/artifact_medium.gif]
[ndpsoftware.com/OpenUpBasic/images/back_to_top.gif]
[ndpsoftware.com/OpenUpBasic/images/banner.gif]
[ndpsoftware.com/OpenUpBasic/images/circle_close.gif]
[ndpsoftware.com/OpenUpBasic/images/circle_open.gif]
[ndpsoftware.com/OpenUpBasic/images/collapse.gif]
[ndpsoftware.com/OpenUpBasic/images/collapse_all.gif]
[ndpsoftware.com/OpenUpBasic/images/compositerole.gif]
[ndpsoftware.com/OpenUpBasic/images/content_package_medium.gif]
[ndpsoftware.com/OpenUpBasic/images/display_views.gif]
[ndpsoftware.com/OpenUpBasic/images/display_views_a.gif]
[ndpsoftware.com/OpenUpBasic/images/doc_elem_close.jpg]
[ndpsoftware.com/OpenUpBasic/images/doc_elem_close_small.jpg]
[ndpsoftware.com/OpenUpBasic/images/doc_elem_close_small_right.jpg]
[ndpsoftware.com/OpenUpBasic/images/doc_elem_open.jpg]
[ndpsoftware.com/OpenUpBasic/images/doc_elem_open_small.jpg]
[ndpsoftware.com/OpenUpBasic/images/doc_elem_open_small_right.jpg]
[ndpsoftware.com/OpenUpBasic/images/down_arrow.gif]
[ndpsoftware.com/OpenUpBasic/images/estimationconsiderations.gif]
[ndpsoftware.com/OpenUpBasic/images/expand.gif]
[ndpsoftware.com/OpenUpBasic/images/expand_all.gif]
[ndpsoftware.com/OpenUpBasic/images/false.gif]
[ndpsoftware.com/OpenUpBasic/images/guidance_medium.gif]
[ndpsoftware.com/OpenUpBasic/images/guidline.gif]
[ndpsoftware.com/OpenUpBasic/images/icon_about.gif]
[ndpsoftware.com/OpenUpBasic/images/indent.gif]
[ndpsoftware.com/OpenUpBasic/images/leftnav_mockup.jpg]
[ndpsoftware.com/OpenUpBasic/images/method_plugin.gif]
[ndpsoftware.com/OpenUpBasic/images/method_plugin_medium.gif]
[ndpsoftware.com/OpenUpBasic/images/milestone.gif]
[ndpsoftware.com/OpenUpBasic/images/need_icon.jpg]
[ndpsoftware.com/OpenUpBasic/images/ni_RDN.gif]
[ndpsoftware.com/OpenUpBasic/images/ni_RationalDotCom.gif]
[ndpsoftware.com/OpenUpBasic/images/ni_RationalProducts.gif]
[ndpsoftware.com/OpenUpBasic/images/ni_about.gif]
[ndpsoftware.com/OpenUpBasic/images/ni_displayTree.gif]
[ndpsoftware.com/OpenUpBasic/images/ni_feedback.gif]
[ndpsoftware.com/OpenUpBasic/images/ni_getStarted.gif]
[ndpsoftware.com/OpenUpBasic/images/ni_glossary.gif]
[ndpsoftware.com/OpenUpBasic/images/ni_handle.gif]
[ndpsoftware.com/OpenUpBasic/images/ni_index.gif]
[ndpsoftware.com/OpenUpBasic/images/ni_print.gif]
[ndpsoftware.com/OpenUpBasic/images/ni_search.gif]
[ndpsoftware.com/OpenUpBasic/images/ni_siteMap.gif]
[ndpsoftware.com/OpenUpBasic/images/no_rup.gif]
[ndpsoftware.com/OpenUpBasic/images/practice.gif]
[ndpsoftware.com/OpenUpBasic/images/process_medium.gif]
[ndpsoftware.com/OpenUpBasic/images/reusableasset.gif]
[ndpsoftware.com/OpenUpBasic/images/role_medium.gif]
[ndpsoftware.com/OpenUpBasic/images/roledes_lg_dgm32.gif]
[ndpsoftware.com/OpenUpBasic/images/rup1.gif]
[ndpsoftware.com/OpenUpBasic/images/rup1_a.gif]
[ndpsoftware.com/OpenUpBasic/images/sample_sectionhead.gif]
[ndpsoftware.com/OpenUpBasic/images/splash.gif]
[ndpsoftware.com/OpenUpBasic/images/step_sample.gif]
[ndpsoftware.com/OpenUpBasic/images/supportingmaterial.gif]
[ndpsoftware.com/OpenUpBasic/images/tab_end-a.gif]
[ndpsoftware.com/OpenUpBasic/images/task_medium.gif]
[ndpsoftware.com/OpenUpBasic/images/taskdes_lg_dgm32.gif]
[ndpsoftware.com/OpenUpBasic/images/teamprofile.gif]
[ndpsoftware.com/OpenUpBasic/images/technique.gif]
[ndpsoftware.com/OpenUpBasic/images/termdefinition.gif]
[ndpsoftware.com/OpenUpBasic/images/titleback_left.gif]
[ndpsoftware.com/OpenUpBasic/images/titleback_right.gif]
[ndpsoftware.com/OpenUpBasic/images/toolmentor.gif]
[ndpsoftware.com/OpenUpBasic/images/top.gif]
[ndpsoftware.com/OpenUpBasic/images/top_sm.gif]
[ndpsoftware.com/OpenUpBasic/images/topbar_mockup.jpg]
[ndpsoftware.com/OpenUpBasic/images/true.gif]
[ndpsoftware.com/OpenUpBasic/images/u_bold.gif]
[ndpsoftware.com/OpenUpBasic/images/up_arrow.gif]
[ndpsoftware.com/OpenUpBasic/images/whitepaper.gif]
[ndpsoftware.com/OpenUpBasic/images/workdes_lg_dgm32.gif]
[ndpsoftware.com/OpenUpBasic/images/index.html]
[ndpsoftware.com/OpenUpBasic/base_concepts/guidances/termdefinitions/role,_yUefQNnmEdmO6L4XMImrsA.html]
[ndpsoftware.com/OpenUpBasic/base_concepts/guidances/termdefinitions/task,_x459ktnmEdmO6L4XMImrsA.html]
[ndpsoftware.com/OpenUpBasic/base_concepts/guidances/termdefinitions/artifact,_x7cUM9nmEdmO6L4XMImrsA.html]
[ndpsoftware.com/OpenUpBasic/base_concepts/guidances/concepts/phase,__7xOEC7aEdqHMdmRzC0-2g.html]
[ndpsoftware.com/OpenUpBasic/openup_basic/guidances/concepts/resources/co_phas1.gif]
[ndpsoftware.com/OpenUpBasic/openup_basic/guidances/concepts/milestones,_HNxbwMBJEdqSgKaj2SZBmg.html]
[ndpsoftware.com/OpenUpBasic/openup_basic/deliveryprocesses/inception_phase_iteration,_xupMvxOKEduCNqgZdt_OaA.html]
[ndpsoftware.com/OpenUpBasic/openup_basic/deliveryprocesses/elaboration_phase_iteration,_0Spa4BOKEduCNqgZdt_OaA.html]
[ndpsoftware.com/OpenUpBasic/openup_basic/deliveryprocesses/construction_phase_iteration,_3CqrAROKEduCNqgZdt_OaA.html]
[ndpsoftware.com/OpenUpBasic/openup_basic/deliveryprocesses/transition_phase_iteration,_467NIhOKEduCNqgZdt_OaA.html]
[ndpsoftware.com/OpenUpBasic/openup_basic/guidances/supportingmaterials/resources/copyrite.html]
[ndpsoftware.com/OpenUpBasic/base_concepts/guidances/supportingmaterials/resources/copyrite.html]
[ndpsoftware.com/OpenUpBasic/openup_basic/guidances/supportingmaterials/references,_9ToeIB83Edqsvps02rpOOg.html]
[ndpsoftware.com/OpenUpBasic/openup_basic/guidances/concepts/metrics,_0mYYkMlgEdmt3adZL5Dmdw.html]
[ndpsoftware.com/OpenUpBasic/openup_basic/guidances/termdefinitions/feature,_PgYREAeYEduWycDgioo5rg.html]
[ndpsoftware.com/OpenUpBasic/openup_basic/guidances/concepts/architecturally_significant_requirements,_HrZGIA4MEduibvKwrGxWxA.html]
[ndpsoftware.com/OpenUpBasic/openup_basic/workproducttypes/model_element,_SxUOoDz7Edq03rqPoNVoKg.html]
[ndpsoftware.com/OpenUpBasic/openup_basic/workproducttypes/specification,_tJJeADz7Edq03rqPoNVoKg.html]
[ndpsoftware.com/OpenUpBasic/openup_basic/workproducttypes/model,_MQbUgDz7Edq03rqPoNVoKg.html]
[ndpsoftware.com/OpenUpBasic/openup_basic/workproducttypes/concept,_8XKVwDz6Edq03rqPoNVoKg.html]
[ndpsoftware.com/OpenUpBasic/openup_basic/roles/architect,_0X9iEMlgEdmt3adZL5Dmdw.jpg]
[ndpsoftware.com/OpenUpBasic/openup_basic/roles/architect,_0X9iEMlgEdmt3adZL5Dmdw.html]
[ndpsoftware.com/OpenUpBasic/openup_basic/guidances/concepts/resources/ArchMechanismsStatemachine.jpg]
[ndpsoftware.com/OpenUpBasic/openup_basic/guidances/concepts/arch_mech,_mzxI0A4LEduibvKwrGxWxA.html]
[ndpsoftware.com/OpenUpBasic/openup_basic/guidances/concepts/analysis_mechanism,_0gvqoMlgEdmt3adZL5Dmdw.html]
[ndpsoftware.com/OpenUpBasic/openup_basic/guidances/guidelines/analyze_arch_reqs,_42UD4A3tEduibvKwrGxWxA.html]
[ndpsoftware.com/OpenUpBasic/openup_basic/guidances/guidelines/demonstrate_architecture,_ZtFfcCkzEduLGM8dfVsrKg.html]
[ndpsoftware.com/OpenUpBasic/openup_basic/guidances/concepts/design_mechanism,_w2ACwA4LEduibvKwrGxWxA.html]
[ndpsoftware.com/OpenUpBasic/openup_basic/guidances/concepts/business_pattern,_Z53x0BapEduSTJywppIxVQ.html]
[ndpsoftware.com/OpenUpBasic/openup_basic/guidances/guidelines/develop_architecture,_mDf2EBapEduSTJywppIxVQ.html]
[ndpsoftware.com/OpenUpBasic/openup_basic/guidances/concepts/resources/EBCDiagram.jpg]
[ndpsoftware.com/OpenUpBasic/openup_basic/guidances/concepts/entity_control_boundary_pattern,_uF-QYEAhEdq_UJTvM1DM2Q.html]
[ndpsoftware.com/OpenUpBasic/openup_basic/guidances/guidelines/using_patterns,_0cr7cACrEdu8m4dIntu6jA.html]
[ndpsoftware.com/OpenUpBasic/openup_basic/guidances/guidelines/resources/ucrea1.gif]
[ndpsoftware.com/OpenUpBasic/openup_basic/guidances/guidelines/resources/md_ucre3.gif]
[ndpsoftware.com/OpenUpBasic/openup_basic/guidances/guidelines/uc_realizations,_2uan8NbyEdqu5o2S60g5LA.html]
[ndpsoftware.com/OpenUpBasic/openup_basic/guidances/guidelines/design_components,_CFAswNbzEdqu5o2S60g5LA.html]
[ndpsoftware.com/OpenUpBasic/openup_basic/guidances/guidelines/resources/UserLoginUCM.jpg]
[ndpsoftware.com/OpenUpBasic/openup_basic/guidances/guidelines/resources/IdentifyElementsBCE.jpg]
[ndpsoftware.com/OpenUpBasic/openup_basic/guidances/guidelines/resources/UserLoginSeq.jpg]
[ndpsoftware.com/OpenUpBasic/openup_basic/guidances/guidelines/resources/login_vopc.jpg]
[ndpsoftware.com/OpenUpBasic/openup_basic/guidances/guidelines/resources/login_vopc_refined.jpg]
[ndpsoftware.com/OpenUpBasic/openup_basic/guidances/guidelines/resources/dv_Packaging.jpg]
[ndpsoftware.com/OpenUpBasic/openup_basic/guidances/guidelines/designing_visually,_1fM3AC9_EduW5uTjiIcspQ.html]
[ndpsoftware.com/OpenUpBasic/openup_basic/guidances/guidelines/resources/PDMSample.jpg]
[ndpsoftware.com/OpenUpBasic/openup_basic/guidances/guidelines/data_modeling,_ienXEEyAEdu-df7p0PuRvQ.html]
[ndpsoftware.com/OpenUpBasic/openup_basic/guidances/guidelines/developer_testing,_0ZGxkMlgEdmt3adZL5Dmdw.html]
[ndpsoftware.com/OpenUpBasic/openup_basic/guidances/concepts/refactoring,_Poc7IPDzEdqYgerqi84oCA.html]
[ndpsoftware.com/OpenUpBasic/openup_basic/guidances/guidelines/maintaining_automated_test_suite,_0kF5kMlgEdmt3adZL5Dmdw.html]
[ndpsoftware.com/OpenUpBasic/openup_basic/workproducttypes/solution,_mC_6sDz7Edq03rqPoNVoKg.html]
[ndpsoftware.com/OpenUpBasic/openup_basic/workproducttypes/plan,_ZR7b8Dz7Edq03rqPoNVoKg.html]
[ndpsoftware.com/OpenUpBasic/openup_basic/workproducttypes/project_data,_hOaxYDz7Edq03rqPoNVoKg.html]
[ndpsoftware.com/OpenUpBasic/openup_basic/workproducttypes/assessment,_2VBNIDz6Edq03rqPoNVoKg.html]
[ndpsoftware.com/OpenUpBasic/openup_basic/guidances/concepts/test_ideas,_0jnYcMlgEdmt3adZL5Dmdw.html]
[ndpsoftware.com/OpenUpBasic/openup_basic/guidances/guidelines/test_ideas,_0jzlsMlgEdmt3adZL5Dmdw.html]
[ndpsoftware.com/OpenUpBasic/openup_basic/capabilitypatterns/initiate_project_0pWNA8lgEdmt3adZL5Dmdw_desc.html]
[ndpsoftware.com/OpenUpBasic/openup_basic/capabilitypatterns/initiate_project_0pWNA8lgEdmt3adZL5Dmdw_tbs.html]
[ndpsoftware.com/OpenUpBasic/openup_basic/capabilitypatterns/initiate_project_0pWNA8lgEdmt3adZL5Dmdw_wpbs.html]
[ndpsoftware.com/OpenUpBasic/openup_basic/capabilitypatterns/manage_requirements_0o9ygclgEdmt3adZL5Dmdw_desc.html]
[ndpsoftware.com/OpenUpBasic/openup_basic/capabilitypatterns/manage_requirements_0o9ygclgEdmt3adZL5Dmdw_tbs.html]
[ndpsoftware.com/OpenUpBasic/openup_basic/capabilitypatterns/manage_requirements_0o9ygclgEdmt3adZL5Dmdw_wpbs.html]
[ndpsoftware.com/OpenUpBasic/openup_basic/capabilitypatterns/ongoing_tasks_0pJ_xslgEdmt3adZL5Dmdw_desc.html]
[ndpsoftware.com/OpenUpBasic/openup_basic/capabilitypatterns/ongoing_tasks_0pJ_xslgEdmt3adZL5Dmdw_tbs.html]
[ndpsoftware.com/OpenUpBasic/openup_basic/capabilitypatterns/ongoing_tasks_0pJ_xslgEdmt3adZL5Dmdw_wpbs.html]
[ndpsoftware.com/OpenUpBasic/openup_basic/guidances/termdefinitions/version,_eX8K8ElyEducWJcS4yanqg.html]
[ndpsoftware.com/OpenUpBasic/openup_basic/guidances/termdefinitions/configuration,__Cw30ElxEducWJcS4yanqg.html]
[ndpsoftware.com/OpenUpBasic/openup_basic/capabilitypatterns/manage_iteration_0nJNkslgEdmt3adZL5Dmdw_desc.html]
[ndpsoftware.com/OpenUpBasic/openup_basic/capabilitypatterns/manage_iteration_0nJNkslgEdmt3adZL5Dmdw_tbs.html]
[ndpsoftware.com/OpenUpBasic/openup_basic/capabilitypatterns/manage_iteration_0nJNkslgEdmt3adZL5Dmdw_wpbs.html]
[ndpsoftware.com/OpenUpBasic/openup_basic/guidances/checklists/test_script,_0Z9tMMlgEdmt3adZL5Dmdw.html]
[ndpsoftware.com/OpenUpBasic/openup_basic/capabilitypatterns/define_architecture_0sx7islgEdmt3adZL5Dmdw_desc.html]
[ndpsoftware.com/OpenUpBasic/openup_basic/capabilitypatterns/define_architecture_0sx7islgEdmt3adZL5Dmdw_tbs.html]
[ndpsoftware.com/OpenUpBasic/openup_basic/capabilitypatterns/define_architecture_0sx7islgEdmt3adZL5Dmdw_wpbs.html]
[ndpsoftware.com/OpenUpBasic/openup_basic/capabilitypatterns/determine_architectural_feasibility_0sluQslgEdmt3adZL5Dmdw_desc.html]
[ndpsoftware.com/OpenUpBasic/openup_basic/capabilitypatterns/determine_architectural_feasibility_0sluQslgEdmt3adZL5Dmdw_tbs.html]
[ndpsoftware.com/OpenUpBasic/openup_basic/capabilitypatterns/determine_architectural_feasibility_0sluQslgEdmt3adZL5Dmdw_wpbs.html]
[ndpsoftware.com/OpenUpBasic/openup_basic/capabilitypatterns/develop_solution_h2-iAfimEdmugcVr9AdHjQ_desc.html]
[ndpsoftware.com/OpenUpBasic/openup_basic/capabilitypatterns/develop_solution_h2-iAfimEdmugcVr9AdHjQ_tbs.html]
[ndpsoftware.com/OpenUpBasic/openup_basic/capabilitypatterns/develop_solution_h2-iAfimEdmugcVr9AdHjQ_wpbs.html]
[ndpsoftware.com/OpenUpBasic/openup_basic/capabilitypatterns/test_0nz79clgEdmt3adZL5Dmdw_desc.html]
[ndpsoftware.com/OpenUpBasic/openup_basic/capabilitypatterns/test_0nz79clgEdmt3adZL5Dmdw_tbs.html]
[ndpsoftware.com/OpenUpBasic/openup_basic/capabilitypatterns/test_0nz79clgEdmt3adZL5Dmdw_wpbs.html]
[ndpsoftware.com/OpenUpBasic/openup_basic/deliveryprocesses/openup_basic_process_0uyGoMlgEdmt3adZL5Dmdw_desc.html]
[ndpsoftware.com/OpenUpBasic/openup_basic/deliveryprocesses/openup_basic_process_0uyGoMlgEdmt3adZL5Dmdw_tbs.html]
[ndpsoftware.com/OpenUpBasic/openup_basic/deliveryprocesses/openup_basic_process_0uyGoMlgEdmt3adZL5Dmdw_wpbs.html]
[ndpsoftware.com/OpenUpBasic/openup_basic/capabilitypatterns/resources/inception_phase_iteration__0o3r4slgEdmt3adZL5Dmdw_Activity.jpg]
[ndpsoftware.com/OpenUpBasic/openup_basic/capabilitypatterns/inception_phase_iteration,_0o3r4slgEdmt3adZL5Dmdw.html]
[ndpsoftware.com/OpenUpBasic/openup_basic/deliveryprocesses/inception_phase_iteration_xupMvxOKEduCNqgZdt_OaA_desc.html]
[ndpsoftware.com/OpenUpBasic/openup_basic/deliveryprocesses/inception_phase_iteration_xupMvxOKEduCNqgZdt_OaA_tbs.html]
[ndpsoftware.com/OpenUpBasic/openup_basic/deliveryprocesses/inception_phase_iteration_xupMvxOKEduCNqgZdt_OaA_wpbs.html]
[ndpsoftware.com/OpenUpBasic/openup_basic/capabilitypatterns/initiate_project_0oSdE8lgEdmt3adZL5Dmdw_desc.html]
[ndpsoftware.com/OpenUpBasic/openup_basic/capabilitypatterns/initiate_project_0oSdE8lgEdmt3adZL5Dmdw_tbs.html]
[ndpsoftware.com/OpenUpBasic/openup_basic/capabilitypatterns/initiate_project_0oSdE8lgEdmt3adZL5Dmdw_wpbs.html]
[ndpsoftware.com/OpenUpBasic/openup_basic/capabilitypatterns/manage_iteration_jLaKwP77Edm1zMZYtD3GjA_desc.html]
[ndpsoftware.com/OpenUpBasic/openup_basic/capabilitypatterns/manage_iteration_jLaKwP77Edm1zMZYtD3GjA_tbs.html]
[ndpsoftware.com/OpenUpBasic/openup_basic/capabilitypatterns/manage_iteration_jLaKwP77Edm1zMZYtD3GjA_wpbs.html]
[ndpsoftware.com/OpenUpBasic/openup_basic/capabilitypatterns/manage_requirements_0okw8clgEdmt3adZL5Dmdw_desc.html]
[ndpsoftware.com/OpenUpBasic/openup_basic/capabilitypatterns/manage_requirements_0okw8clgEdmt3adZL5Dmdw_tbs.html]
[ndpsoftware.com/OpenUpBasic/openup_basic/capabilitypatterns/manage_requirements_0okw8clgEdmt3adZL5Dmdw_wpbs.html]
[ndpsoftware.com/OpenUpBasic/openup_basic/capabilitypatterns/determine_architectural_feasibility_0oreoclgEdmt3adZL5Dmdw_desc.html]
[ndpsoftware.com/OpenUpBasic/openup_basic/capabilitypatterns/determine_architectural_feasibility_0oreoclgEdmt3adZL5Dmdw_tbs.html]
[ndpsoftware.com/OpenUpBasic/openup_basic/capabilitypatterns/determine_architectural_feasibility_0oreoclgEdmt3adZL5Dmdw_wpbs.html]
[ndpsoftware.com/OpenUpBasic/openup_basic/capabilitypatterns/resources/elaboration_phase_iteration__0sTaYMlgEdmt3adZL5Dmdw_Activity.jpg]
[ndpsoftware.com/OpenUpBasic/openup_basic/capabilitypatterns/elaboration_phase_iteration,_0sTaYMlgEdmt3adZL5Dmdw.html]
[ndpsoftware.com/OpenUpBasic/openup_basic/deliveryprocesses/elaboration_phase_iteration_0Spa4BOKEduCNqgZdt_OaA_desc.html]
[ndpsoftware.com/OpenUpBasic/openup_basic/deliveryprocesses/elaboration_phase_iteration_0Spa4BOKEduCNqgZdt_OaA_tbs.html]
[ndpsoftware.com/OpenUpBasic/openup_basic/deliveryprocesses/elaboration_phase_iteration_0Spa4BOKEduCNqgZdt_OaA_wpbs.html]
[ndpsoftware.com/OpenUpBasic/openup_basic/capabilitypatterns/manage_iteration_0rWYIslgEdmt3adZL5Dmdw_desc.html]
[ndpsoftware.com/OpenUpBasic/openup_basic/capabilitypatterns/manage_iteration_0rWYIslgEdmt3adZL5Dmdw_tbs.html]
[ndpsoftware.com/OpenUpBasic/openup_basic/capabilitypatterns/manage_iteration_0rWYIslgEdmt3adZL5Dmdw_wpbs.html]
[ndpsoftware.com/OpenUpBasic/openup_basic/capabilitypatterns/manage_requirements_0ruyoclgEdmt3adZL5Dmdw_desc.html]
[ndpsoftware.com/OpenUpBasic/openup_basic/capabilitypatterns/manage_requirements_0ruyoclgEdmt3adZL5Dmdw_tbs.html]
[ndpsoftware.com/OpenUpBasic/openup_basic/capabilitypatterns/manage_requirements_0ruyoclgEdmt3adZL5Dmdw_wpbs.html]
[ndpsoftware.com/OpenUpBasic/openup_basic/capabilitypatterns/define_architecture_0rcewclgEdmt3adZL5Dmdw_desc.html]
[ndpsoftware.com/OpenUpBasic/openup_basic/capabilitypatterns/define_architecture_0rcewclgEdmt3adZL5Dmdw_tbs.html]
[ndpsoftware.com/OpenUpBasic/openup_basic/capabilitypatterns/define_architecture_0rcewclgEdmt3adZL5Dmdw_wpbs.html]
[ndpsoftware.com/OpenUpBasic/openup_basic/capabilitypatterns/develop_requirement_within_context_WrXvwPinEdmugcVr9AdHjQ_desc.html]
[ndpsoftware.com/OpenUpBasic/openup_basic/capabilitypatterns/develop_requirement_within_context_WrXvwPinEdmugcVr9AdHjQ_tbs.html]
[ndpsoftware.com/OpenUpBasic/openup_basic/capabilitypatterns/develop_requirement_within_context_WrXvwPinEdmugcVr9AdHjQ_wpbs.html]
[ndpsoftware.com/OpenUpBasic/openup_basic/capabilitypatterns/validate_build_0rilYclgEdmt3adZL5Dmdw_desc.html]
[ndpsoftware.com/OpenUpBasic/openup_basic/capabilitypatterns/validate_build_0rilYclgEdmt3adZL5Dmdw_tbs.html]
[ndpsoftware.com/OpenUpBasic/openup_basic/capabilitypatterns/validate_build_0rilYclgEdmt3adZL5Dmdw_wpbs.html]
[ndpsoftware.com/OpenUpBasic/openup_basic/capabilitypatterns/ongoing_tasks_TAVx0CliEdqjQsaFX0CJTw_desc.html]
[ndpsoftware.com/OpenUpBasic/openup_basic/capabilitypatterns/ongoing_tasks_TAVx0CliEdqjQsaFX0CJTw_tbs.html]
[ndpsoftware.com/OpenUpBasic/openup_basic/capabilitypatterns/resources/construction_phase_iteration__y-3IrutQEdqc1LGhiSPqRg_Activity.jpg]
[ndpsoftware.com/OpenUpBasic/openup_basic/capabilitypatterns/construction_phase_iteration,_y-3IrutQEdqc1LGhiSPqRg.html]
[ndpsoftware.com/OpenUpBasic/openup_basic/deliveryprocesses/construction_phase_iteration_3CqrAROKEduCNqgZdt_OaA_desc.html]
[ndpsoftware.com/OpenUpBasic/openup_basic/deliveryprocesses/construction_phase_iteration_3CqrAROKEduCNqgZdt_OaA_tbs.html]
[ndpsoftware.com/OpenUpBasic/openup_basic/deliveryprocesses/construction_phase_iteration_3CqrAROKEduCNqgZdt_OaA_wpbs.html]
[ndpsoftware.com/OpenUpBasic/openup_basic/capabilitypatterns/manage_iteration_y-k0bOtQEdqc1LGhiSPqRg_desc.html]
[ndpsoftware.com/OpenUpBasic/openup_basic/capabilitypatterns/manage_iteration_y-k0bOtQEdqc1LGhiSPqRg_tbs.html]
[ndpsoftware.com/OpenUpBasic/openup_basic/capabilitypatterns/manage_iteration_y-k0bOtQEdqc1LGhiSPqRg_wpbs.html]
[ndpsoftware.com/OpenUpBasic/openup_basic/capabilitypatterns/manage_requirements_eE5nEUbpEduLBN1xMBngqw_desc.html]
[ndpsoftware.com/OpenUpBasic/openup_basic/capabilitypatterns/manage_requirements_eE5nEUbpEduLBN1xMBngqw_tbs.html]
[ndpsoftware.com/OpenUpBasic/openup_basic/capabilitypatterns/manage_requirements_eE5nEUbpEduLBN1xMBngqw_wpbs.html]
[ndpsoftware.com/OpenUpBasic/openup_basic/capabilitypatterns/develop_solution_MWFjoU9HEdudU75l2xOQTw_desc.html]
[ndpsoftware.com/OpenUpBasic/openup_basic/capabilitypatterns/develop_solution_MWFjoU9HEdudU75l2xOQTw_wpbs.html]
[ndpsoftware.com/OpenUpBasic/openup_basic/capabilitypatterns/validate_build_y-3IretQEdqc1LGhiSPqRg_desc.html]
[ndpsoftware.com/OpenUpBasic/openup_basic/capabilitypatterns/validate_build_y-3IretQEdqc1LGhiSPqRg_tbs.html]
[ndpsoftware.com/OpenUpBasic/openup_basic/capabilitypatterns/validate_build_y-3IretQEdqc1LGhiSPqRg_wpbs.html]
[ndpsoftware.com/OpenUpBasic/openup_basic/capabilitypatterns/ongoing_tasks_y_PjTOtQEdqc1LGhiSPqRg_desc.html]
[ndpsoftware.com/OpenUpBasic/openup_basic/capabilitypatterns/ongoing_tasks_y_PjTOtQEdqc1LGhiSPqRg_tbs.html]
[ndpsoftware.com/OpenUpBasic/openup_basic/capabilitypatterns/ongoing_tasks_y_PjTOtQEdqc1LGhiSPqRg_wpbs.html]
[ndpsoftware.com/OpenUpBasic/openup_basic/capabilitypatterns/transition_phase_iteration,_0rQRgMlgEdmt3adZL5Dmdw.html]
[ndpsoftware.com/OpenUpBasic/openup_basic/capabilitypatterns/resources/transition_phase_iteration__0rQRgMlgEdmt3adZL5Dmdw_Activity.jpg]
[ndpsoftware.com/OpenUpBasic/openup_basic/deliveryprocesses/transition_phase_iteration_467NIhOKEduCNqgZdt_OaA_desc.html]
[ndpsoftware.com/OpenUpBasic/openup_basic/deliveryprocesses/transition_phase_iteration_467NIhOKEduCNqgZdt_OaA_tbs.html]
[ndpsoftware.com/OpenUpBasic/openup_basic/deliveryprocesses/transition_phase_iteration_467NIhOKEduCNqgZdt_OaA_wpbs.html]
[ndpsoftware.com/OpenUpBasic/openup_basic/capabilitypatterns/manage_iteration_0q33AclgEdmt3adZL5Dmdw_desc.html]
[ndpsoftware.com/OpenUpBasic/openup_basic/capabilitypatterns/manage_iteration_0q33AclgEdmt3adZL5Dmdw_tbs.html]
[ndpsoftware.com/OpenUpBasic/openup_basic/capabilitypatterns/manage_iteration_0q33AclgEdmt3adZL5Dmdw_wpbs.html]
[ndpsoftware.com/OpenUpBasic/openup_basic/capabilitypatterns/develop_requirement_within_context_0DMlYPinEdmugcVr9AdHjQ_desc.html]
[ndpsoftware.com/OpenUpBasic/openup_basic/capabilitypatterns/develop_requirement_within_context_0DMlYPinEdmugcVr9AdHjQ_tbs.html]
[ndpsoftware.com/OpenUpBasic/openup_basic/capabilitypatterns/develop_requirement_within_context_0DMlYPinEdmugcVr9AdHjQ_wpbs.html]
[ndpsoftware.com/OpenUpBasic/openup_basic/capabilitypatterns/validate_build_0qrpwslgEdmt3adZL5Dmdw_desc.html]
[ndpsoftware.com/OpenUpBasic/openup_basic/capabilitypatterns/validate_build_0qrpwslgEdmt3adZL5Dmdw_tbs.html]
[ndpsoftware.com/OpenUpBasic/openup_basic/capabilitypatterns/validate_build_0qrpwslgEdmt3adZL5Dmdw_wpbs.html]
[ndpsoftware.com/OpenUpBasic/openup_basic/capabilitypatterns/ongoing_tasks_0qxwYclgEdmt3adZL5Dmdw_desc.html]
[ndpsoftware.com/OpenUpBasic/openup_basic/capabilitypatterns/ongoing_tasks_0qxwYclgEdmt3adZL5Dmdw_tbs.html]
[ndpsoftware.com/OpenUpBasic/openup_basic/capabilitypatterns/ongoing_tasks_0qxwYclgEdmt3adZL5Dmdw_wpbs.html]
[ndpsoftware.com/OpenUpBasic/openup_basic/capabilitypatterns/manage_requirements,_eE5nEUbpEduLBN1xMBngqw.html]
[ndpsoftware.com/OpenUpBasic/openup_basic/capabilitypatterns/develop_solution,_MWFjoU9HEdudU75l2xOQTw.html]
[ndpsoftware.com/OpenUpBasic/openup_basic/capabilitypatterns/validate_build,_y-3IretQEdqc1LGhiSPqRg.html]
[ndpsoftware.com/OpenUpBasic/openup_basic/capabilitypatterns/manage_iteration,_0rWYIslgEdmt3adZL5Dmdw.html]
[ndpsoftware.com/OpenUpBasic/openup_basic/capabilitypatterns/manage_requirements,_0ruyoclgEdmt3adZL5Dmdw.html]
[ndpsoftware.com/OpenUpBasic/openup_basic/capabilitypatterns/define_architecture,_0rcewclgEdmt3adZL5Dmdw.html]
[ndpsoftware.com/OpenUpBasic/openup_basic/capabilitypatterns/develop_requirement_within_context,_WrXvwPinEdmugcVr9AdHjQ.html]
[ndpsoftware.com/OpenUpBasic/openup_basic/capabilitypatterns/validate_build,_0rilYclgEdmt3adZL5Dmdw.html]
[ndpsoftware.com/OpenUpBasic/openup_basic/capabilitypatterns/manage_requirements,_0okw8clgEdmt3adZL5Dmdw.html]
[ndpsoftware.com/OpenUpBasic/openup_basic/capabilitypatterns/initiate_project,_0oSdE8lgEdmt3adZL5Dmdw.html]
[ndpsoftware.com/OpenUpBasic/openup_basic/capabilitypatterns/determine_architectural_feasibility,_0oreoclgEdmt3adZL5Dmdw.html]
[ndpsoftware.com/OpenUpBasic/openup_basic/capabilitypatterns/ongoing_tasks,_0qxwYclgEdmt3adZL5Dmdw.html]
[ndpsoftware.com/OpenUpBasic/openup_basic/capabilitypatterns/develop_requirement_within_context,_0DMlYPinEdmugcVr9AdHjQ.html]
[ndpsoftware.com/OpenUpBasic/openup_basic/capabilitypatterns/validate_build,_0qrpwslgEdmt3adZL5Dmdw.html]
[ndpsoftware.com/OpenUpBasic/base_concepts/guidances/termdefinitions/work_product,_H4JXwB_SEdq6CKKKq4D7YA.html]
[ndpsoftware.com/OpenUpBasic/base_concepts/guidances/termdefinitions/model,_yNefY9nmEdmO6L4XMImrsA.html]
[ndpsoftware.com/OpenUpBasic/base_concepts/guidances/termdefinitions/model_element,_yNnpVdnmEdmO6L4XMImrsA.html]
[ndpsoftware.com/OpenUpBasic/base_concepts/guidances/termdefinitions/document,_yG6kY9nmEdmO6L4XMImrsA.html]
[ndpsoftware.com/OpenUpBasic/base_concepts/guidances/concepts/task,7.624729048911575E-305.html]
[ndpsoftware.com/OpenUpBasic/base_concepts/guidances/concepts/resources/overview.gif]
[ndpsoftware.com/OpenUpBasic/base_concepts/guidances/concepts/work_product,4.804531471620803E-306.html]
[ndpsoftware.com/OpenUpBasic/openup_basic/guidances/termdefinitions/stakeholder_need,_WUiFcAeYEduWycDgioo5rg.html]
[ndpsoftware.com/OpenUpBasic/openup_basic/guidances/concepts/implementation_mechanism,_0LcUkA4LEduibvKwrGxWxA.html]
[ndpsoftware.com/OpenUpBasic/openup_basic/guidances/guidelines/example_analysis_mechanisms_descr,_4k_HsA4LEduibvKwrGxWxA.html]
[ndpsoftware.com/OpenUpBasic/openup_basic/guidances/guidelines/example_architectural_mechanisms,_4k_HsQ4LEduibvKwrGxWxA.html]
[ndpsoftware.com/OpenUpBasic/openup_basic/guidances/guidelines/resources/co_dmec1.gif]
[ndpsoftware.com/OpenUpBasic/openup_basic/guidances/guidelines/resources/co_dmec2.gif]
[ndpsoftware.com/OpenUpBasic/openup_basic/guidances/guidelines/resources/co_dmec3.gif]
[ndpsoftware.com/OpenUpBasic/openup_basic/guidances/guidelines/resources/jdbc1.gif]
[ndpsoftware.com/OpenUpBasic/openup_basic/guidances/guidelines/resources/jdbc2.gif]
[ndpsoftware.com/OpenUpBasic/openup_basic/guidances/guidelines/resources/jdbc3.gif]
[ndpsoftware.com/OpenUpBasic/openup_basic/guidances/guidelines/resources/jdbc4.gif]
[ndpsoftware.com/OpenUpBasic/openup_basic/guidances/guidelines/resources/jdbc5.gif]
[ndpsoftware.com/OpenUpBasic/openup_basic/guidances/guidelines/resources/jdbc6.gif]
[ndpsoftware.com/OpenUpBasic/openup_basic/guidances/guidelines/example_design_mechanisms,_4k_Hsg4LEduibvKwrGxWxA.html]
[ndpsoftware.com/OpenUpBasic/openup_basic/capabilitypatterns/initiate_project_0pWNA8lgEdmt3adZL5Dmdw_wbs.html]
[ndpsoftware.com/OpenUpBasic/openup_basic/capabilitypatterns/manage_requirements_0o9ygclgEdmt3adZL5Dmdw_wbs.html]
[ndpsoftware.com/OpenUpBasic/openup_basic/capabilitypatterns/ongoing_tasks_0pJ_xslgEdmt3adZL5Dmdw_wbs.html]
[ndpsoftware.com/OpenUpBasic/openup_basic/capabilitypatterns/manage_iteration_0nJNkslgEdmt3adZL5Dmdw_wbs.html]
[ndpsoftware.com/OpenUpBasic/openup_basic/capabilitypatterns/define_architecture_0sx7islgEdmt3adZL5Dmdw_wbs.html]
[ndpsoftware.com/OpenUpBasic/openup_basic/capabilitypatterns/determine_architectural_feasibility_0sluQslgEdmt3adZL5Dmdw_wbs.html]
[ndpsoftware.com/OpenUpBasic/openup_basic/capabilitypatterns/develop_solution_h2-iAfimEdmugcVr9AdHjQ_wbs.html]
[ndpsoftware.com/OpenUpBasic/openup_basic/capabilitypatterns/test_0nz79clgEdmt3adZL5Dmdw_wbs.html]
[ndpsoftware.com/OpenUpBasic/openup_basic/deliveryprocesses/openup_basic_process_0uyGoMlgEdmt3adZL5Dmdw_wbs.html]
[ndpsoftware.com/OpenUpBasic/openup_basic/capabilitypatterns/inception_phase_iteration_0o3r4slgEdmt3adZL5Dmdw_desc.html]
[ndpsoftware.com/OpenUpBasic/openup_basic/capabilitypatterns/inception_phase_iteration_0o3r4slgEdmt3adZL5Dmdw_tbs.html]
[ndpsoftware.com/OpenUpBasic/openup_basic/capabilitypatterns/inception_phase_iteration_0o3r4slgEdmt3adZL5Dmdw_wpbs.html]
[ndpsoftware.com/OpenUpBasic/openup_basic/deliveryprocesses/inception_phase_iteration_xupMvxOKEduCNqgZdt_OaA_wbs.html]
[ndpsoftware.com/OpenUpBasic/openup_basic/capabilitypatterns/initiate_project_0oSdE8lgEdmt3adZL5Dmdw_wbs.html]
[ndpsoftware.com/OpenUpBasic/openup_basic/capabilitypatterns/manage_iteration_jLaKwP77Edm1zMZYtD3GjA_wbs.html]
[ndpsoftware.com/OpenUpBasic/openup_basic/capabilitypatterns/manage_requirements_0okw8clgEdmt3adZL5Dmdw_wbs.html]
[ndpsoftware.com/OpenUpBasic/openup_basic/capabilitypatterns/determine_architectural_feasibility_0oreoclgEdmt3adZL5Dmdw_wbs.html]
[ndpsoftware.com/OpenUpBasic/openup_basic/capabilitypatterns/elaboration_phase_iteration_0sTaYMlgEdmt3adZL5Dmdw_desc.html]
[ndpsoftware.com/OpenUpBasic/openup_basic/capabilitypatterns/elaboration_phase_iteration_0sTaYMlgEdmt3adZL5Dmdw_tbs.html]
[ndpsoftware.com/OpenUpBasic/openup_basic/capabilitypatterns/elaboration_phase_iteration_0sTaYMlgEdmt3adZL5Dmdw_wpbs.html]
[ndpsoftware.com/OpenUpBasic/openup_basic/deliveryprocesses/elaboration_phase_iteration_0Spa4BOKEduCNqgZdt_OaA_wbs.html]
[ndpsoftware.com/OpenUpBasic/openup_basic/capabilitypatterns/manage_iteration_0rWYIslgEdmt3adZL5Dmdw_wbs.html]
[ndpsoftware.com/OpenUpBasic/openup_basic/capabilitypatterns/manage_requirements_0ruyoclgEdmt3adZL5Dmdw_wbs.html]
[ndpsoftware.com/OpenUpBasic/openup_basic/capabilitypatterns/define_architecture_0rcewclgEdmt3adZL5Dmdw_wbs.html]
[ndpsoftware.com/OpenUpBasic/openup_basic/capabilitypatterns/develop_requirement_within_context_WrXvwPinEdmugcVr9AdHjQ_wbs.html]
[ndpsoftware.com/OpenUpBasic/openup_basic/capabilitypatterns/validate_build_0rilYclgEdmt3adZL5Dmdw_wbs.html]
[ndpsoftware.com/OpenUpBasic/openup_basic/capabilitypatterns/ongoing_tasks_TAVx0CliEdqjQsaFX0CJTw_wbs.html]
[ndpsoftware.com/OpenUpBasic/openup_basic/capabilitypatterns/ongoing_tasks_TAVx0CliEdqjQsaFX0CJTw_wpbs.html]
[ndpsoftware.com/OpenUpBasic/openup_basic/capabilitypatterns/construction_phase_iteration_y-3IrutQEdqc1LGhiSPqRg_desc.html]
[ndpsoftware.com/OpenUpBasic/openup_basic/capabilitypatterns/construction_phase_iteration_y-3IrutQEdqc1LGhiSPqRg_tbs.html]
[ndpsoftware.com/OpenUpBasic/openup_basic/capabilitypatterns/construction_phase_iteration_y-3IrutQEdqc1LGhiSPqRg_wpbs.html]
[ndpsoftware.com/OpenUpBasic/openup_basic/deliveryprocesses/construction_phase_iteration_3CqrAROKEduCNqgZdt_OaA_wbs.html]
[ndpsoftware.com/OpenUpBasic/openup_basic/capabilitypatterns/manage_iteration_y-k0bOtQEdqc1LGhiSPqRg_wbs.html]
[ndpsoftware.com/OpenUpBasic/openup_basic/capabilitypatterns/manage_requirements_eE5nEUbpEduLBN1xMBngqw_wbs.html]
[ndpsoftware.com/OpenUpBasic/openup_basic/capabilitypatterns/develop_solution_MWFjoU9HEdudU75l2xOQTw_wbs.html]
[ndpsoftware.com/OpenUpBasic/openup_basic/capabilitypatterns/develop_solution_MWFjoU9HEdudU75l2xOQTw_tbs.html]
[ndpsoftware.com/OpenUpBasic/openup_basic/capabilitypatterns/validate_build_y-3IretQEdqc1LGhiSPqRg_wbs.html]
[ndpsoftware.com/OpenUpBasic/openup_basic/capabilitypatterns/ongoing_tasks_y_PjTOtQEdqc1LGhiSPqRg_wbs.html]
[ndpsoftware.com/OpenUpBasic/openup_basic/capabilitypatterns/transition_phase_iteration_0rQRgMlgEdmt3adZL5Dmdw_desc.html]
[ndpsoftware.com/OpenUpBasic/openup_basic/capabilitypatterns/transition_phase_iteration_0rQRgMlgEdmt3adZL5Dmdw_tbs.html]
[ndpsoftware.com/OpenUpBasic/openup_basic/capabilitypatterns/transition_phase_iteration_0rQRgMlgEdmt3adZL5Dmdw_wpbs.html]
[ndpsoftware.com/OpenUpBasic/openup_basic/deliveryprocesses/transition_phase_iteration_467NIhOKEduCNqgZdt_OaA_wbs.html]
[ndpsoftware.com/OpenUpBasic/openup_basic/capabilitypatterns/manage_iteration_0q33AclgEdmt3adZL5Dmdw_wbs.html]
[ndpsoftware.com/OpenUpBasic/openup_basic/capabilitypatterns/develop_requirement_within_context_0DMlYPinEdmugcVr9AdHjQ_wbs.html]
[ndpsoftware.com/OpenUpBasic/openup_basic/capabilitypatterns/validate_build_0qrpwslgEdmt3adZL5Dmdw_wbs.html]
[ndpsoftware.com/OpenUpBasic/openup_basic/capabilitypatterns/ongoing_tasks_0qxwYclgEdmt3adZL5Dmdw_wbs.html]
[ndpsoftware.com/OpenUpBasic/base_concepts/guidances/termdefinitions/uma,_cj6jkB_PEdq6CKKKq4D7YA.html]
[ndpsoftware.com/OpenUpBasic/base_concepts/guidances/termdefinitions/content_element,_N8x34B_LEdq6CKKKq4D7YA.html]
[ndpsoftware.com/OpenUpBasic/base_concepts/guidances/termdefinitions/view_element,_ybefKdnmEdmO6L4XMImrsA.html]
[ndpsoftware.com/OpenUpBasic/base_concepts/guidances/concepts/introduction_to_uma,_94_eoO8LEdmKSqa_gSYthg.html]
[ndpsoftware.com/OpenUpBasic/base_concepts/guidances/concepts/artifact,_fdRfkBUJEdqrUt4zetC1gg.html]
[ndpsoftware.com/OpenUpBasic/base_concepts/guidances/concepts/deliverable,_lBgkMBUJEdqrUt4zetC1gg.html]
[ndpsoftware.com/OpenUpBasic/base_concepts/guidances/concepts/outcome,_pROF4BUJEdqrUt4zetC1gg.html]
[ndpsoftware.com/OpenUpBasic/openup_basic/capabilitypatterns/inception_phase_iteration_0o3r4slgEdmt3adZL5Dmdw_wbs.html]
[ndpsoftware.com/OpenUpBasic/openup_basic/capabilitypatterns/elaboration_phase_iteration_0sTaYMlgEdmt3adZL5Dmdw_wbs.html]
[ndpsoftware.com/OpenUpBasic/openup_basic/capabilitypatterns/construction_phase_iteration_y-3IrutQEdqc1LGhiSPqRg_wbs.html]
[ndpsoftware.com/OpenUpBasic/openup_basic/capabilitypatterns/transition_phase_iteration_0rQRgMlgEdmt3adZL5Dmdw_wbs.html]
[ndpsoftware.com/OpenUpBasic/base_concepts/guidances/termdefinitions/method_content,_Ts2joB_MEdq6CKKKq4D7YA.html]
[ndpsoftware.com/OpenUpBasic/base_concepts/guidances/termdefinitions/process,_yQ5m2NnmEdmO6L4XMImrsA.html]
[ndpsoftware.com/OpenUpBasic/base_concepts/guidances/termdefinitions/guidance,_83ttAB_NEdq6CKKKq4D7YA.html]
[ndpsoftware.com/OpenUpBasic/base_concepts/guidances/termdefinitions/breakdown_structure,_95LCoB_QEdq6CKKKq4D7YA.html]
[ndpsoftware.com/OpenUpBasic/base_concepts/guidances/termdefinitions/breakdown_element,_cvdpEB_LEdq6CKKKq4D7YA.html]
